Feb 27 00:07:09 ip-172-31-32-178 kernel: [    0.000000] Linux version 4.9.0-11-amd64 (debian-kernel@lists.debian.org) (gcc version 6.3.0 20170516 (Debian 6.3.0-18+deb9u1) ) #1 SMP Debian 4.9.189-3 (2019-09-02)
Feb 27 00:07:09 ip-172-31-32-178 kernel: [    0.000000] Command line: BOOT_IMAGE=/boot/vmlinuz-4.9.0-11-amd64 root=UUID=13ea901b-a08d-41a5-8e04-521c4415f9aa ro quiet elevator=noop console=tty console=ttyS0 net.ifnames=0
Feb 27 00:07:09 ip-172-31-32-178 kernel: [    0.000000] x86/fpu: Supporting XSAVE feature 0x001: 'x87 floating point registers'
Feb 27 00:07:09 ip-172-31-32-178 kernel: [    0.000000] x86/fpu: Supporting XSAVE feature 0x002: 'SSE registers'
Feb 27 00:07:09 ip-172-31-32-178 kernel: [    0.000000] x86/fpu: Supporting XSAVE feature 0x004: 'AVX registers'
Feb 27 00:07:09 ip-172-31-32-178 kernel: [    0.000000] x86/fpu: xstate_offset[2]:  576, xstate_sizes[2]:  256
Feb 27 00:07:09 ip-172-31-32-178 kernel: [    0.000000] x86/fpu: Enabled xstate features 0x7, context size is 832 bytes, using 'standard' format.
Feb 27 00:07:09 ip-172-31-32-178 kernel: [    0.000000] e820: BIOS-provided physical RAM map:
Feb 27 00:07:09 ip-172-31-32-178 kernel: [    0.000000] BIOS-e820: [mem 0x0000000000000000-0x000000000009dfff] usable
Feb 27 00:07:09 ip-172-31-32-178 kernel: [    0.000000] BIOS-e820: [mem 0x000000000009e000-0x000000000009ffff] reserved
Feb 27 00:07:09 ip-172-31-32-178 kernel: [    0.000000] BIOS-e820: [mem 0x00000000000e0000-0x00000000000fffff] reserved
Feb 27 00:07:09 ip-172-31-32-178 kernel: [    0.000000] BIOS-e820: [mem 0x0000000000100000-0x000000003fffffff] usable
Feb 27 00:07:09 ip-172-31-32-178 kernel: [    0.000000] BIOS-e820: [mem 0x00000000fc000000-0x00000000ffffffff] reserved
Feb 27 00:07:09 ip-172-31-32-178 kernel: [    0.000000] NX (Execute Disable) protection: active
Feb 27 00:07:09 ip-172-31-32-178 kernel: [    0.000000] SMBIOS 2.7 present.
Feb 27 00:07:09 ip-172-31-32-178 kernel: [    0.000000] DMI: Xen HVM domU, BIOS 4.2.amazon 08/24/2006
Feb 27 00:07:09 ip-172-31-32-178 kernel: [    0.000000] Hypervisor detected: Xen
Feb 27 00:07:09 ip-172-31-32-178 kernel: [    0.000000] Xen version 4.2.
Feb 27 00:07:09 ip-172-31-32-178 kernel: [    0.000000] Xen Platform PCI: I/O protocol version 1
Feb 27 00:07:09 ip-172-31-32-178 kernel: [    0.000000] Netfront and the Xen platform PCI driver have been compiled for this kernel: unplug emulated NICs.
Feb 27 00:07:09 ip-172-31-32-178 kernel: [    0.000000] Blkfront and the Xen platform PCI driver have been compiled for this kernel: unplug emulated disks.
Feb 27 00:07:09 ip-172-31-32-178 kernel: [    0.000000] You might have to change the root device
Feb 27 00:07:09 ip-172-31-32-178 kernel: [    0.000000] from /dev/hd[a-d] to /dev/xvd[a-d]
Feb 27 00:07:09 ip-172-31-32-178 kernel: [    0.000000] in your root= kernel command line option
Feb 27 00:07:09 ip-172-31-32-178 kernel: [    0.000000] HVMOP_pagetable_dying not supported
Feb 27 00:07:09 ip-172-31-32-178 kernel: [    0.000000] e820: update [mem 0x00000000-0x00000fff] usable ==> reserved
Feb 27 00:07:09 ip-172-31-32-178 kernel: [    0.000000] e820: remove [mem 0x000a0000-0x000fffff] usable
Feb 27 00:07:09 ip-172-31-32-178 kernel: [    0.000000] e820: last_pfn = 0x40000 max_arch_pfn = 0x400000000
Feb 27 00:07:09 ip-172-31-32-178 kernel: [    0.000000] MTRR default type: write-back
Feb 27 00:07:09 ip-172-31-32-178 kernel: [    0.000000] MTRR fixed ranges enabled:
Feb 27 00:07:09 ip-172-31-32-178 kernel: [    0.000000]   00000-9FFFF write-back
Feb 27 00:07:09 ip-172-31-32-178 kernel: [    0.000000]   A0000-BFFFF write-combining
Feb 27 00:07:09 ip-172-31-32-178 kernel: [    0.000000]   C0000-FFFFF write-back
Feb 27 00:07:09 ip-172-31-32-178 kernel: [    0.000000] MTRR variable ranges enabled:
Feb 27 00:07:09 ip-172-31-32-178 kernel: [    0.000000]   0 base 0000F0000000 mask 3FFFF8000000 uncachable
Feb 27 00:07:09 ip-172-31-32-178 kernel: [    0.000000]   1 base 0000F8000000 mask 3FFFFC000000 uncachable
Feb 27 00:07:09 ip-172-31-32-178 kernel: [    0.000000]   2 disabled
Feb 27 00:07:09 ip-172-31-32-178 kernel: [    0.000000]   3 disabled
Feb 27 00:07:09 ip-172-31-32-178 kernel: [    0.000000]   4 disabled
Feb 27 00:07:09 ip-172-31-32-178 kernel: [    0.000000]   5 disabled
Feb 27 00:07:09 ip-172-31-32-178 kernel: [    0.000000]   6 disabled
Feb 27 00:07:09 ip-172-31-32-178 kernel: [    0.000000]   7 disabled
Feb 27 00:07:09 ip-172-31-32-178 kernel: [    0.000000] x86/PAT: Configuration [0-7]: WB  WC  UC- UC  WB  WC  UC- WT  
Feb 27 00:07:09 ip-172-31-32-178 kernel: [    0.000000] found SMP MP-table at [mem 0x000fbc50-0x000fbc5f] mapped at [ffff9f86400fbc50]
Feb 27 00:07:09 ip-172-31-32-178 kernel: [    0.000000] Base memory trampoline at [ffff9f8640098000] 98000 size 24576
Feb 27 00:07:09 ip-172-31-32-178 kernel: [    0.000000] BRK [0x3a135000, 0x3a135fff] PGTABLE
Feb 27 00:07:09 ip-172-31-32-178 kernel: [    0.000000] BRK [0x3a136000, 0x3a136fff] PGTABLE
Feb 27 00:07:09 ip-172-31-32-178 kernel: [    0.000000] BRK [0x3a137000, 0x3a137fff] PGTABLE
Feb 27 00:07:09 ip-172-31-32-178 kernel: [    0.000000] BRK [0x3a138000, 0x3a138fff] PGTABLE
Feb 27 00:07:09 ip-172-31-32-178 kernel: [    0.000000] RAMDISK: [mem 0x35de7000-0x36eeafff]
Feb 27 00:07:09 ip-172-31-32-178 kernel: [    0.000000] ACPI: Early table checksum verification disabled
Feb 27 00:07:09 ip-172-31-32-178 kernel: [    0.000000] ACPI: RSDP 0x00000000000EA020 000024 (v02 Xen   )
Feb 27 00:07:09 ip-172-31-32-178 kernel: [    0.000000] ACPI: XSDT 0x00000000FC00E2A0 000054 (v01 Xen    HVM      00000000 HVML 00000000)
Feb 27 00:07:09 ip-172-31-32-178 kernel: [    0.000000] ACPI: FACP 0x00000000FC00DF60 0000F4 (v04 Xen    HVM      00000000 HVML 00000000)
Feb 27 00:07:09 ip-172-31-32-178 kernel: [    0.000000] ACPI: DSDT 0x00000000FC0021C0 00BD19 (v02 Xen    HVM      00000000 INTL 20090123)
Feb 27 00:07:09 ip-172-31-32-178 kernel: [    0.000000] ACPI: FACS 0x00000000FC002180 000040
Feb 27 00:07:09 ip-172-31-32-178 kernel: [    0.000000] ACPI: FACS 0x00000000FC002180 000040
Feb 27 00:07:09 ip-172-31-32-178 kernel: [    0.000000] ACPI: APIC 0x00000000FC00E060 0000D8 (v02 Xen    HVM      00000000 HVML 00000000)
Feb 27 00:07:09 ip-172-31-32-178 kernel: [    0.000000] ACPI: HPET 0x00000000FC00E1B0 000038 (v01 Xen    HVM      00000000 HVML 00000000)
Feb 27 00:07:09 ip-172-31-32-178 kernel: [    0.000000] ACPI: WAET 0x00000000FC00E1F0 000028 (v01 Xen    HVM      00000000 HVML 00000000)
Feb 27 00:07:09 ip-172-31-32-178 kernel: [    0.000000] ACPI: SSDT 0x00000000FC00E220 000031 (v02 Xen    HVM      00000000 INTL 20090123)
Feb 27 00:07:09 ip-172-31-32-178 kernel: [    0.000000] ACPI: SSDT 0x00000000FC00E260 000033 (v02 Xen    HVM      00000000 INTL 20090123)
Feb 27 00:07:09 ip-172-31-32-178 kernel: [    0.000000] ACPI: Local APIC address 0xfee00000
Feb 27 00:07:09 ip-172-31-32-178 kernel: [    0.000000] No NUMA configuration found
Feb 27 00:07:09 ip-172-31-32-178 kernel: [    0.000000] Faking a node at [mem 0x0000000000000000-0x000000003fffffff]
Feb 27 00:07:09 ip-172-31-32-178 kernel: [    0.000000] NODE_DATA(0) allocated [mem 0x3fffb000-0x3fffffff]
Feb 27 00:07:09 ip-172-31-32-178 kernel: [    0.000000] Zone ranges:
Feb 27 00:07:09 ip-172-31-32-178 kernel: [    0.000000]   DMA      [mem 0x0000000000001000-0x0000000000ffffff]
Feb 27 00:07:09 ip-172-31-32-178 kernel: [    0.000000]   DMA32    [mem 0x0000000001000000-0x000000003fffffff]
Feb 27 00:07:09 ip-172-31-32-178 kernel: [    0.000000]   Normal   empty
Feb 27 00:07:09 ip-172-31-32-178 kernel: [    0.000000]   Device   empty
Feb 27 00:07:09 ip-172-31-32-178 kernel: [    0.000000] Movable zone start for each node
Feb 27 00:07:09 ip-172-31-32-178 kernel: [    0.000000] Early memory node ranges
Feb 27 00:07:09 ip-172-31-32-178 kernel: [    0.000000]   node   0: [mem 0x0000000000001000-0x000000000009dfff]
Feb 27 00:07:09 ip-172-31-32-178 kernel: [    0.000000]   node   0: [mem 0x0000000000100000-0x000000003fffffff]
Feb 27 00:07:09 ip-172-31-32-178 kernel: [    0.000000] Initmem setup node 0 [mem 0x0000000000001000-0x000000003fffffff]
Feb 27 00:07:09 ip-172-31-32-178 kernel: [    0.000000] On node 0 totalpages: 262045
Feb 27 00:07:09 ip-172-31-32-178 kernel: [    0.000000]   DMA zone: 64 pages used for memmap
Feb 27 00:07:09 ip-172-31-32-178 kernel: [    0.000000]   DMA zone: 21 pages reserved
Feb 27 00:07:09 ip-172-31-32-178 kernel: [    0.000000]   DMA zone: 3997 pages, LIFO batch:0
Feb 27 00:07:09 ip-172-31-32-178 kernel: [    0.000000]   DMA32 zone: 4032 pages used for memmap
Feb 27 00:07:09 ip-172-31-32-178 kernel: [    0.000000]   DMA32 zone: 258048 pages, LIFO batch:31
Feb 27 00:07:09 ip-172-31-32-178 kernel: [    0.000000] ACPI: PM-Timer IO Port: 0xb008
Feb 27 00:07:09 ip-172-31-32-178 kernel: [    0.000000] ACPI: Local APIC address 0xfee00000
Feb 27 00:07:09 ip-172-31-32-178 kernel: [    0.000000] IOAPIC[0]: apic_id 1, version 17, address 0xfec00000, GSI 0-47
Feb 27 00:07:09 ip-172-31-32-178 kernel: [    0.000000] ACPI: INT_SRC_OVR (bus 0 bus_irq 0 global_irq 2 dfl dfl)
Feb 27 00:07:09 ip-172-31-32-178 kernel: [    0.000000] ACPI: INT_SRC_OVR (bus 0 bus_irq 5 global_irq 5 low level)
Feb 27 00:07:09 ip-172-31-32-178 kernel: [    0.000000] ACPI: INT_SRC_OVR (bus 0 bus_irq 10 global_irq 10 low level)
Feb 27 00:07:09 ip-172-31-32-178 kernel: [    0.000000] ACPI: INT_SRC_OVR (bus 0 bus_irq 11 global_irq 11 low level)
Feb 27 00:07:09 ip-172-31-32-178 kernel: [    0.000000] ACPI: IRQ0 used by override.
Feb 27 00:07:09 ip-172-31-32-178 kernel: [    0.000000] ACPI: IRQ5 used by override.
Feb 27 00:07:09 ip-172-31-32-178 kernel: [    0.000000] ACPI: IRQ9 used by override.
Feb 27 00:07:09 ip-172-31-32-178 kernel: [    0.000000] ACPI: IRQ10 used by override.
Feb 27 00:07:09 ip-172-31-32-178 kernel: [    0.000000] ACPI: IRQ11 used by override.
Feb 27 00:07:09 ip-172-31-32-178 kernel: [    0.000000] Using ACPI (MADT) for SMP configuration information
Feb 27 00:07:09 ip-172-31-32-178 kernel: [    0.000000] ACPI: HPET id: 0x8086a201 base: 0xfed00000
Feb 27 00:07:09 ip-172-31-32-178 kernel: [    0.000000] smpboot: Allowing 15 CPUs, 14 hotplug CPUs
Feb 27 00:07:09 ip-172-31-32-178 kernel: [    0.000000] PM: Registered nosave memory: [mem 0x00000000-0x00000fff]
Feb 27 00:07:09 ip-172-31-32-178 kernel: [    0.000000] PM: Registered nosave memory: [mem 0x0009e000-0x0009ffff]
Feb 27 00:07:09 ip-172-31-32-178 kernel: [    0.000000] PM: Registered nosave memory: [mem 0x000a0000-0x000dffff]
Feb 27 00:07:09 ip-172-31-32-178 kernel: [    0.000000] PM: Registered nosave memory: [mem 0x000e0000-0x000fffff]
Feb 27 00:07:09 ip-172-31-32-178 kernel: [    0.000000] e820: [mem 0x40000000-0xfbffffff] available for PCI devices
Feb 27 00:07:09 ip-172-31-32-178 kernel: [    0.000000] Booting paravirtualized kernel on Xen HVM
Feb 27 00:07:09 ip-172-31-32-178 kernel: [    0.000000] clocksource: refined-jiffies: mask: 0xffffffff max_cycles: 0xffffffff, max_idle_ns: 7645519600211568 ns
Feb 27 00:07:09 ip-172-31-32-178 kernel: [    0.000000] setup_percpu: NR_CPUS:512 nr_cpumask_bits:512 nr_cpu_ids:15 nr_node_ids:1
Feb 27 00:07:09 ip-172-31-32-178 kernel: [    0.000000] percpu: Embedded 35 pages/cpu s105304 r8192 d29864 u262144
Feb 27 00:07:09 ip-172-31-32-178 kernel: [    0.000000] pcpu-alloc: s105304 r8192 d29864 u262144 alloc=1*2097152
Feb 27 00:07:09 ip-172-31-32-178 kernel: [    0.000000] pcpu-alloc: [0] 00 01 02 03 04 05 06 07 [0] 08 09 10 11 12 13 14 -- 
Feb 27 00:07:09 ip-172-31-32-178 kernel: [    0.000000] xen: PV spinlocks enabled
Feb 27 00:07:09 ip-172-31-32-178 kernel: [    0.000000] PV qspinlock hash table entries: 256 (order: 0, 4096 bytes)
Feb 27 00:07:09 ip-172-31-32-178 kernel: [    0.000000] Built 1 zonelists in Node order, mobility grouping on.  Total pages: 257928
Feb 27 00:07:09 ip-172-31-32-178 kernel: [    0.000000] Policy zone: DMA32
Feb 27 00:07:09 ip-172-31-32-178 kernel: [    0.000000] Kernel command line: BOOT_IMAGE=/boot/vmlinuz-4.9.0-11-amd64 root=UUID=13ea901b-a08d-41a5-8e04-521c4415f9aa ro quiet elevator=noop console=tty console=ttyS0 net.ifnames=0
Feb 27 00:07:09 ip-172-31-32-178 kernel: [    0.000000] PID hash table entries: 4096 (order: 3, 32768 bytes)
Feb 27 00:07:09 ip-172-31-32-178 kernel: [    0.000000] Calgary: detecting Calgary via BIOS EBDA area
Feb 27 00:07:09 ip-172-31-32-178 kernel: [    0.000000] Calgary: Unable to locate Rio Grande table in EBDA - bailing!
Feb 27 00:07:09 ip-172-31-32-178 kernel: [    0.000000] Memory: 996484K/1048180K available (6280K kernel code, 1162K rwdata, 2876K rodata, 1424K init, 656K bss, 51696K reserved, 0K cma-reserved)
Feb 27 00:07:09 ip-172-31-32-178 kernel: [    0.000000] Kernel/User page tables isolation: enabled
Feb 27 00:07:09 ip-172-31-32-178 kernel: [    0.000000] Hierarchical RCU implementation.
Feb 27 00:07:09 ip-172-31-32-178 kernel: [    0.000000] 	Build-time adjustment of leaf fanout to 64.
Feb 27 00:07:09 ip-172-31-32-178 kernel: [    0.000000] 	RCU restricting CPUs from NR_CPUS=512 to nr_cpu_ids=15.
Feb 27 00:07:09 ip-172-31-32-178 kernel: [    0.000000] RCU: Adjusting geometry for rcu_fanout_leaf=64, nr_cpu_ids=15
Feb 27 00:07:09 ip-172-31-32-178 kernel: [    0.000000] NR_IRQS:33024 nr_irqs:952 16
Feb 27 00:07:09 ip-172-31-32-178 kernel: [    0.000000] xen:events: Using 2-level ABI
Feb 27 00:07:09 ip-172-31-32-178 kernel: [    0.000000] xen:events: Xen HVM callback vector for event delivery is enabled
Feb 27 00:07:09 ip-172-31-32-178 kernel: [    0.000000] Console: colour VGA+ 80x25
Feb 27 00:07:09 ip-172-31-32-178 kernel: [    0.000000] console [tty0] enabled
Feb 27 00:07:09 ip-172-31-32-178 kernel: [    0.000000] Cannot get hvm parameter CONSOLE_EVTCHN (18): -22!
Feb 27 00:07:09 ip-172-31-32-178 kernel: [    0.000000] console [ttyS0] enabled
Feb 27 00:07:09 ip-172-31-32-178 kernel: [    0.000000] clocksource: hpet: mask: 0xffffffff max_cycles: 0xffffffff, max_idle_ns: 30580167144 ns
Feb 27 00:07:09 ip-172-31-32-178 kernel: [    0.000000] hpet clockevent registered
Feb 27 00:07:09 ip-172-31-32-178 kernel: [    0.000000] tsc: Fast TSC calibration using PIT
Feb 27 00:07:09 ip-172-31-32-178 kernel: [    0.000000] tsc: Detected 2400.214 MHz processor
Feb 27 00:07:09 ip-172-31-32-178 kernel: [    0.020000] Calibrating delay loop (skipped), value calculated using timer frequency.. 4800.12 BogoMIPS (lpj=9600256)
Feb 27 00:07:09 ip-172-31-32-178 kernel: [    0.020000] pid_max: default: 32768 minimum: 301
Feb 27 00:07:09 ip-172-31-32-178 kernel: [    0.020000] ACPI: Core revision 20160831
Feb 27 00:07:09 ip-172-31-32-178 kernel: [    0.023410] ACPI: 3 ACPI AML tables successfully acquired and loaded
Feb 27 00:07:09 ip-172-31-32-178 kernel: [    0.023477] Security Framework initialized
Feb 27 00:07:09 ip-172-31-32-178 kernel: [    0.023478] Yama: disabled by default; enable with sysctl kernel.yama.*
Feb 27 00:07:09 ip-172-31-32-178 kernel: [    0.023486] AppArmor: AppArmor disabled by boot time parameter
Feb 27 00:07:09 ip-172-31-32-178 kernel: [    0.023548] Dentry cache hash table entries: 131072 (order: 8, 1048576 bytes)
Feb 27 00:07:09 ip-172-31-32-178 kernel: [    0.023735] Inode-cache hash table entries: 65536 (order: 7, 524288 bytes)
Feb 27 00:07:09 ip-172-31-32-178 kernel: [    0.023825] Mount-cache hash table entries: 2048 (order: 2, 16384 bytes)
Feb 27 00:07:09 ip-172-31-32-178 kernel: [    0.023827] Mountpoint-cache hash table entries: 2048 (order: 2, 16384 bytes)
Feb 27 00:07:09 ip-172-31-32-178 kernel: [    0.024142] mce: CPU supports 2 MCE banks
Feb 27 00:07:09 ip-172-31-32-178 kernel: [    0.024166] Last level iTLB entries: 4KB 1024, 2MB 1024, 4MB 1024
Feb 27 00:07:09 ip-172-31-32-178 kernel: [    0.024167] Last level dTLB entries: 4KB 1024, 2MB 1024, 4MB 1024, 1GB 4
Feb 27 00:07:09 ip-172-31-32-178 kernel: [    0.024168] Spectre V1 : Mitigation: usercopy/swapgs barriers and __user pointer sanitization
Feb 27 00:07:09 ip-172-31-32-178 kernel: [    0.024169] Spectre V2 : Mitigation: Full generic retpoline
Feb 27 00:07:09 ip-172-31-32-178 kernel: [    0.024170] Spectre V2 : Spectre v2 / SpectreRSB mitigation: Filling RSB on context switch
Feb 27 00:07:09 ip-172-31-32-178 kernel: [    0.024171] Speculative Store Bypass: Vulnerable
Feb 27 00:07:09 ip-172-31-32-178 kernel: [    0.024227] MDS: Vulnerable: Clear CPU buffers attempted, no microcode
Feb 27 00:07:09 ip-172-31-32-178 kernel: [    0.041477] ftrace: allocating 25329 entries in 99 pages
Feb 27 00:07:09 ip-172-31-32-178 kernel: [    0.072129] smpboot: Max logical packages: 15
Feb 27 00:07:09 ip-172-31-32-178 kernel: [    0.076615] x2apic: IRQ remapping doesn't support X2APIC mode
Feb 27 00:07:09 ip-172-31-32-178 kernel: [    0.077401] Switched APIC routing to physical flat.
Feb 27 00:07:09 ip-172-31-32-178 kernel: [    0.080000] ..TIMER: vector=0x30 apic1=0 pin1=2 apic2=0 pin2=0
Feb 27 00:07:09 ip-172-31-32-178 kernel: [    0.119947] clocksource: xen: mask: 0xffffffffffffffff max_cycles: 0x1cd42e4dffb, max_idle_ns: 881590591483 ns
Feb 27 00:07:09 ip-172-31-32-178 kernel: [    0.119958] Xen: using vcpuop timer interface
Feb 27 00:07:09 ip-172-31-32-178 kernel: [    0.119967] installing Xen timer for CPU 0
Feb 27 00:07:09 ip-172-31-32-178 kernel: [    0.120000] smpboot: CPU0: Intel(R) Xeon(R) CPU E5-2676 v3 @ 2.40GHz (family: 0x6, model: 0x3f, stepping: 0x2)
Feb 27 00:07:09 ip-172-31-32-178 kernel: [    0.120000] cpu 0 spinlock event irq 53
Feb 27 00:07:09 ip-172-31-32-178 kernel: [    0.120000] Performance Events: unsupported p6 CPU model 63 no PMU driver, software events only.
Feb 27 00:07:09 ip-172-31-32-178 kernel: [    0.120000] NMI watchdog: disabled (cpu0): hardware events not enabled
Feb 27 00:07:09 ip-172-31-32-178 kernel: [    0.120000] NMI watchdog: Shutting down hard lockup detector on all cpus
Feb 27 00:07:09 ip-172-31-32-178 kernel: [    0.120000] x86: Booted up 1 node, 1 CPUs
Feb 27 00:07:09 ip-172-31-32-178 kernel: [    0.120000] smpboot: Total of 1 processors activated (4800.12 BogoMIPS)
Feb 27 00:07:09 ip-172-31-32-178 kernel: [    0.120000] devtmpfs: initialized
Feb 27 00:07:09 ip-172-31-32-178 kernel: [    0.120000] x86/mm: Memory block size: 128MB
Feb 27 00:07:09 ip-172-31-32-178 kernel: [    0.120000] clocksource: jiffies: mask: 0xffffffff max_cycles: 0xffffffff, max_idle_ns: 7645041785100000 ns
Feb 27 00:07:09 ip-172-31-32-178 kernel: [    0.120000] futex hash table entries: 4096 (order: 6, 262144 bytes)
Feb 27 00:07:09 ip-172-31-32-178 kernel: [    0.120000] pinctrl core: initialized pinctrl subsystem
Feb 27 00:07:09 ip-172-31-32-178 kernel: [    0.120000] NET: Registered protocol family 16
Feb 27 00:07:09 ip-172-31-32-178 kernel: [    0.120000] cpuidle: using governor ladder
Feb 27 00:07:09 ip-172-31-32-178 kernel: [    0.120000] cpuidle: using governor menu
Feb 27 00:07:09 ip-172-31-32-178 kernel: [    0.120000] ACPI: bus type PCI registered
Feb 27 00:07:09 ip-172-31-32-178 kernel: [    0.120000] acpiphp: ACPI Hot Plug PCI Controller Driver version: 0.5
Feb 27 00:07:09 ip-172-31-32-178 kernel: [    0.120007] PCI: Using configuration type 1 for base access
Feb 27 00:07:09 ip-172-31-32-178 kernel: [    0.120731] HugeTLB registered 2 MB page size, pre-allocated 0 pages
Feb 27 00:07:09 ip-172-31-32-178 kernel: [    0.120949] ACPI: Added _OSI(Module Device)
Feb 27 00:07:09 ip-172-31-32-178 kernel: [    0.120950] ACPI: Added _OSI(Processor Device)
Feb 27 00:07:09 ip-172-31-32-178 kernel: [    0.120950] ACPI: Added _OSI(3.0 _SCP Extensions)
Feb 27 00:07:09 ip-172-31-32-178 kernel: [    0.120951] ACPI: Added _OSI(Processor Aggregator Device)
Feb 27 00:07:09 ip-172-31-32-178 kernel: [    0.121141] xen: --> pirq=16 -> irq=9 (gsi=9)
Feb 27 00:07:09 ip-172-31-32-178 kernel: [    0.124535] ACPI: Interpreter enabled
Feb 27 00:07:09 ip-172-31-32-178 kernel: [    0.124546] ACPI: (supports S0 S3 S4 S5)
Feb 27 00:07:09 ip-172-31-32-178 kernel: [    0.124547] ACPI: Using IOAPIC for interrupt routing
Feb 27 00:07:09 ip-172-31-32-178 kernel: [    0.124565] PCI: Using host bridge windows from ACPI; if necessary, use "pci=nocrs" and report a bug
Feb 27 00:07:09 ip-172-31-32-178 kernel: [    0.172529] ACPI: PCI Root Bridge [PCI0] (domain 0000 [bus 00-ff])
Feb 27 00:07:09 ip-172-31-32-178 kernel: [    0.172535] acpi PNP0A03:00: _OSC: OS supports [ASPM ClockPM Segments MSI]
Feb 27 00:07:09 ip-172-31-32-178 kernel: [    0.172541] acpi PNP0A03:00: _OSC failed (AE_NOT_FOUND); disabling ASPM
Feb 27 00:07:09 ip-172-31-32-178 kernel: [    0.172549] acpi PNP0A03:00: fail to add MMCONFIG information, can't access extended PCI configuration space under this bridge.
Feb 27 00:07:09 ip-172-31-32-178 kernel: [    0.173837] acpiphp: Slot [0] registered
Feb 27 00:07:09 ip-172-31-32-178 kernel: [    0.175392] acpiphp: Slot [3] registered
Feb 27 00:07:09 ip-172-31-32-178 kernel: [    0.176145] acpiphp: Slot [4] registered
Feb 27 00:07:09 ip-172-31-32-178 kernel: [    0.176828] acpiphp: Slot [5] registered
Feb 27 00:07:09 ip-172-31-32-178 kernel: [    0.177498] acpiphp: Slot [6] registered
Feb 27 00:07:09 ip-172-31-32-178 kernel: [    0.178125] acpiphp: Slot [7] registered
Feb 27 00:07:09 ip-172-31-32-178 kernel: [    0.178945] acpiphp: Slot [8] registered
Feb 27 00:07:09 ip-172-31-32-178 kernel: [    0.179588] acpiphp: Slot [9] registered
Feb 27 00:07:09 ip-172-31-32-178 kernel: [    0.180117] acpiphp: Slot [10] registered
Feb 27 00:07:09 ip-172-31-32-178 kernel: [    0.180667] acpiphp: Slot [11] registered
Feb 27 00:07:09 ip-172-31-32-178 kernel: [    0.181254] acpiphp: Slot [12] registered
Feb 27 00:07:09 ip-172-31-32-178 kernel: [    0.181829] acpiphp: Slot [13] registered
Feb 27 00:07:09 ip-172-31-32-178 kernel: [    0.182457] acpiphp: Slot [14] registered
Feb 27 00:07:09 ip-172-31-32-178 kernel: [    0.182983] acpiphp: Slot [15] registered
Feb 27 00:07:09 ip-172-31-32-178 kernel: [    0.183560] acpiphp: Slot [16] registered
Feb 27 00:07:09 ip-172-31-32-178 kernel: [    0.184061] acpiphp: Slot [17] registered
Feb 27 00:07:09 ip-172-31-32-178 kernel: [    0.184679] acpiphp: Slot [18] registered
Feb 27 00:07:09 ip-172-31-32-178 kernel: [    0.185427] acpiphp: Slot [19] registered
Feb 27 00:07:09 ip-172-31-32-178 kernel: [    0.186064] acpiphp: Slot [20] registered
Feb 27 00:07:09 ip-172-31-32-178 kernel: [    0.186643] acpiphp: Slot [21] registered
Feb 27 00:07:09 ip-172-31-32-178 kernel: [    0.187241] acpiphp: Slot [22] registered
Feb 27 00:07:09 ip-172-31-32-178 kernel: [    0.187819] acpiphp: Slot [23] registered
Feb 27 00:07:09 ip-172-31-32-178 kernel: [    0.188311] acpiphp: Slot [24] registered
Feb 27 00:07:09 ip-172-31-32-178 kernel: [    0.188883] acpiphp: Slot [25] registered
Feb 27 00:07:09 ip-172-31-32-178 kernel: [    0.189419] acpiphp: Slot [26] registered
Feb 27 00:07:09 ip-172-31-32-178 kernel: [    0.189955] acpiphp: Slot [27] registered
Feb 27 00:07:09 ip-172-31-32-178 kernel: [    0.190524] acpiphp: Slot [28] registered
Feb 27 00:07:09 ip-172-31-32-178 kernel: [    0.191067] acpiphp: Slot [29] registered
Feb 27 00:07:09 ip-172-31-32-178 kernel: [    0.191600] acpiphp: Slot [30] registered
Feb 27 00:07:09 ip-172-31-32-178 kernel: [    0.192058] acpiphp: Slot [31] registered
Feb 27 00:07:09 ip-172-31-32-178 kernel: [    0.192489] PCI host bridge to bus 0000:00
Feb 27 00:07:09 ip-172-31-32-178 kernel: [    0.192493] pci_bus 0000:00: root bus resource [io  0x0000-0x0cf7 window]
Feb 27 00:07:09 ip-172-31-32-178 kernel: [    0.192494] pci_bus 0000:00: root bus resource [io  0x0d00-0xffff window]
Feb 27 00:07:09 ip-172-31-32-178 kernel: [    0.192496] pci_bus 0000:00: root bus resource [mem 0x000a0000-0x000bffff window]
Feb 27 00:07:09 ip-172-31-32-178 kernel: [    0.192497] pci_bus 0000:00: root bus resource [mem 0xf0000000-0xfbffffff window]
Feb 27 00:07:09 ip-172-31-32-178 kernel: [    0.192499] pci_bus 0000:00: root bus resource [bus 00-ff]
Feb 27 00:07:09 ip-172-31-32-178 kernel: [    0.192705] pci 0000:00:00.0: [8086:1237] type 00 class 0x060000
Feb 27 00:07:09 ip-172-31-32-178 kernel: [    0.195408] pci 0000:00:01.0: [8086:7000] type 00 class 0x060100
Feb 27 00:07:09 ip-172-31-32-178 kernel: [    0.199064] pci 0000:00:01.1: [8086:7010] type 00 class 0x010180
Feb 27 00:07:09 ip-172-31-32-178 kernel: [    0.200938] pci 0000:00:01.1: reg 0x20: [io  0xc100-0xc10f]
Feb 27 00:07:09 ip-172-31-32-178 kernel: [    0.201884] pci 0000:00:01.1: legacy IDE quirk: reg 0x10: [io  0x01f0-0x01f7]
Feb 27 00:07:09 ip-172-31-32-178 kernel: [    0.201885] pci 0000:00:01.1: legacy IDE quirk: reg 0x14: [io  0x03f6]
Feb 27 00:07:09 ip-172-31-32-178 kernel: [    0.201886] pci 0000:00:01.1: legacy IDE quirk: reg 0x18: [io  0x0170-0x0177]
Feb 27 00:07:09 ip-172-31-32-178 kernel: [    0.201887] pci 0000:00:01.1: legacy IDE quirk: reg 0x1c: [io  0x0376]
Feb 27 00:07:09 ip-172-31-32-178 kernel: [    0.202840] pci 0000:00:01.3: [8086:7113] type 00 class 0x068000
Feb 27 00:07:09 ip-172-31-32-178 kernel: [    0.202893] * Found PM-Timer Bug on the chipset. Due to workarounds for a bug,
Feb 27 00:07:09 ip-172-31-32-178 kernel: [    0.202893] * this clock source is slow. Consider trying other clock sources
Feb 27 00:07:09 ip-172-31-32-178 kernel: [    0.205345] pci 0000:00:01.3: quirk: [io  0xb000-0xb03f] claimed by PIIX4 ACPI
Feb 27 00:07:09 ip-172-31-32-178 kernel: [    0.206790] pci 0000:00:02.0: [1013:00b8] type 00 class 0x030000
Feb 27 00:07:09 ip-172-31-32-178 kernel: [    0.207270] pci 0000:00:02.0: reg 0x10: [mem 0xf0000000-0xf1ffffff pref]
Feb 27 00:07:09 ip-172-31-32-178 kernel: [    0.207692] pci 0000:00:02.0: reg 0x14: [mem 0xf3000000-0xf3000fff]
Feb 27 00:07:09 ip-172-31-32-178 kernel: [    0.210654] pci 0000:00:03.0: [5853:0001] type 00 class 0xff8000
Feb 27 00:07:09 ip-172-31-32-178 kernel: [    0.211218] pci 0000:00:03.0: reg 0x10: [io  0xc000-0xc0ff]
Feb 27 00:07:09 ip-172-31-32-178 kernel: [    0.211609] pci 0000:00:03.0: reg 0x14: [mem 0xf2000000-0xf2ffffff pref]
Feb 27 00:07:09 ip-172-31-32-178 kernel: [    0.216000] ACPI: PCI Interrupt Link [LNKA] (IRQs *5 10 11)
Feb 27 00:07:09 ip-172-31-32-178 kernel: [    0.216196] ACPI: PCI Interrupt Link [LNKB] (IRQs 5 *10 11)
Feb 27 00:07:09 ip-172-31-32-178 kernel: [    0.216423] ACPI: PCI Interrupt Link [LNKC] (IRQs 5 10 *11)
Feb 27 00:07:09 ip-172-31-32-178 kernel: [    0.216652] ACPI: PCI Interrupt Link [LNKD] (IRQs *5 10 11)
Feb 27 00:07:09 ip-172-31-32-178 kernel: [    0.239224] ACPI: Enabled 2 GPEs in block 00 to 0F
Feb 27 00:07:09 ip-172-31-32-178 kernel: [    0.239320] xen:balloon: Initialising balloon driver
Feb 27 00:07:09 ip-172-31-32-178 kernel: [    0.244035] xen_balloon: Initialising balloon driver
Feb 27 00:07:09 ip-172-31-32-178 kernel: [    0.244140] vgaarb: setting as boot device: PCI:0000:00:02.0
Feb 27 00:07:09 ip-172-31-32-178 kernel: [    0.244141] vgaarb: device added: PCI:0000:00:02.0,decodes=io+mem,owns=io+mem,locks=none
Feb 27 00:07:09 ip-172-31-32-178 kernel: [    0.244145] vgaarb: loaded
Feb 27 00:07:09 ip-172-31-32-178 kernel: [    0.244146] vgaarb: bridge control possible 0000:00:02.0
Feb 27 00:07:09 ip-172-31-32-178 kernel: [    0.244274] PCI: Using ACPI for IRQ routing
Feb 27 00:07:09 ip-172-31-32-178 kernel: [    0.244275] PCI: pci_cache_line_size set to 64 bytes
Feb 27 00:07:09 ip-172-31-32-178 kernel: [    0.244785] e820: reserve RAM buffer [mem 0x0009e000-0x0009ffff]
Feb 27 00:07:09 ip-172-31-32-178 kernel: [    0.244972] HPET: 3 timers in total, 0 timers will be used for per-cpu timer
Feb 27 00:07:09 ip-172-31-32-178 kernel: [    0.244987] hpet0: at MMIO 0xfed00000, IRQs 2, 8, 0
Feb 27 00:07:09 ip-172-31-32-178 kernel: [    0.244990] hpet0: 3 comparators, 64-bit 62.500000 MHz counter
Feb 27 00:07:09 ip-172-31-32-178 kernel: [    0.248023] clocksource: Switched to clocksource xen
Feb 27 00:07:09 ip-172-31-32-178 kernel: [    0.254625] VFS: Disk quotas dquot_6.6.0
Feb 27 00:07:09 ip-172-31-32-178 kernel: [    0.254650] VFS: Dquot-cache hash table entries: 512 (order 0, 4096 bytes)
Feb 27 00:07:09 ip-172-31-32-178 kernel: [    0.254724] pnp: PnP ACPI init
Feb 27 00:07:09 ip-172-31-32-178 kernel: [    0.254791] system 00:00: [mem 0x00000000-0x0009ffff] could not be reserved
Feb 27 00:07:09 ip-172-31-32-178 kernel: [    0.254794] system 00:00: Plug and Play ACPI device, IDs PNP0c02 (active)
Feb 27 00:07:09 ip-172-31-32-178 kernel: [    0.254901] system 00:01: [io  0x08a0-0x08a3] has been reserved
Feb 27 00:07:09 ip-172-31-32-178 kernel: [    0.254902] system 00:01: [io  0x0cc0-0x0ccf] has been reserved
Feb 27 00:07:09 ip-172-31-32-178 kernel: [    0.254904] system 00:01: [io  0x04d0-0x04d1] has been reserved
Feb 27 00:07:09 ip-172-31-32-178 kernel: [    0.254906] system 00:01: Plug and Play ACPI device, IDs PNP0c02 (active)
Feb 27 00:07:09 ip-172-31-32-178 kernel: [    0.254931] xen: --> pirq=17 -> irq=8 (gsi=8)
Feb 27 00:07:09 ip-172-31-32-178 kernel: [    0.254946] pnp 00:02: Plug and Play ACPI device, IDs PNP0b00 (active)
Feb 27 00:07:09 ip-172-31-32-178 kernel: [    0.254966] xen: --> pirq=18 -> irq=12 (gsi=12)
Feb 27 00:07:09 ip-172-31-32-178 kernel: [    0.254982] pnp 00:03: Plug and Play ACPI device, IDs PNP0f13 (active)
Feb 27 00:07:09 ip-172-31-32-178 kernel: [    0.255000] xen: --> pirq=19 -> irq=1 (gsi=1)
Feb 27 00:07:09 ip-172-31-32-178 kernel: [    0.255014] pnp 00:04: Plug and Play ACPI device, IDs PNP0303 PNP030b (active)
Feb 27 00:07:09 ip-172-31-32-178 kernel: [    0.255033] xen: --> pirq=20 -> irq=6 (gsi=6)
Feb 27 00:07:09 ip-172-31-32-178 kernel: [    0.255035] pnp 00:05: [dma 2]
Feb 27 00:07:09 ip-172-31-32-178 kernel: [    0.255050] pnp 00:05: Plug and Play ACPI device, IDs PNP0700 (active)
Feb 27 00:07:09 ip-172-31-32-178 kernel: [    0.255073] xen: --> pirq=21 -> irq=4 (gsi=4)
Feb 27 00:07:09 ip-172-31-32-178 kernel: [    0.255088] pnp 00:06: Plug and Play ACPI device, IDs PNP0501 (active)
Feb 27 00:07:09 ip-172-31-32-178 kernel: [    0.255131] system 00:07: [io  0x10c0-0x1141] has been reserved
Feb 27 00:07:09 ip-172-31-32-178 kernel: [    0.255132] system 00:07: [io  0xb044-0xb047] has been reserved
Feb 27 00:07:09 ip-172-31-32-178 kernel: [    0.255134] system 00:07: Plug and Play ACPI device, IDs PNP0c02 (active)
Feb 27 00:07:09 ip-172-31-32-178 kernel: [    0.273550] pnp: PnP ACPI: found 8 devices
Feb 27 00:07:09 ip-172-31-32-178 kernel: [    0.279306] clocksource: acpi_pm: mask: 0xffffff max_cycles: 0xffffff, max_idle_ns: 2085701024 ns
Feb 27 00:07:09 ip-172-31-32-178 kernel: [    0.279315] pci_bus 0000:00: resource 4 [io  0x0000-0x0cf7 window]
Feb 27 00:07:09 ip-172-31-32-178 kernel: [    0.279316] pci_bus 0000:00: resource 5 [io  0x0d00-0xffff window]
Feb 27 00:07:09 ip-172-31-32-178 kernel: [    0.279318] pci_bus 0000:00: resource 6 [mem 0x000a0000-0x000bffff window]
Feb 27 00:07:09 ip-172-31-32-178 kernel: [    0.279319] pci_bus 0000:00: resource 7 [mem 0xf0000000-0xfbffffff window]
Feb 27 00:07:09 ip-172-31-32-178 kernel: [    0.279525] NET: Registered protocol family 2
Feb 27 00:07:09 ip-172-31-32-178 kernel: [    0.279718] TCP established hash table entries: 8192 (order: 4, 65536 bytes)
Feb 27 00:07:09 ip-172-31-32-178 kernel: [    0.279733] TCP bind hash table entries: 8192 (order: 5, 131072 bytes)
Feb 27 00:07:09 ip-172-31-32-178 kernel: [    0.279750] TCP: Hash tables configured (established 8192 bind 8192)
Feb 27 00:07:09 ip-172-31-32-178 kernel: [    0.279779] UDP hash table entries: 512 (order: 2, 16384 bytes)
Feb 27 00:07:09 ip-172-31-32-178 kernel: [    0.279785] UDP-Lite hash table entries: 512 (order: 2, 16384 bytes)
Feb 27 00:07:09 ip-172-31-32-178 kernel: [    0.279849] NET: Registered protocol family 1
Feb 27 00:07:09 ip-172-31-32-178 kernel: [    0.279857] pci 0000:00:00.0: Limiting direct PCI/PCI transfers
Feb 27 00:07:09 ip-172-31-32-178 kernel: [    0.279908] pci 0000:00:01.0: PIIX3: Enabling Passive Release
Feb 27 00:07:09 ip-172-31-32-178 kernel: [    0.279983] pci 0000:00:01.0: Activating ISA DMA hang workarounds
Feb 27 00:07:09 ip-172-31-32-178 kernel: [    0.280193] pci 0000:00:02.0: Video device with shadowed ROM at [mem 0x000c0000-0x000dffff]
Feb 27 00:07:09 ip-172-31-32-178 kernel: [    0.280256] PCI: CLS 0 bytes, default 64
Feb 27 00:07:09 ip-172-31-32-178 kernel: [    0.280299] Unpacking initramfs...
Feb 27 00:07:09 ip-172-31-32-178 kernel: [    0.549557] Freeing initrd memory: 17424K
Feb 27 00:07:09 ip-172-31-32-178 kernel: [    0.550636] audit: initializing netlink subsys (disabled)
Feb 27 00:07:09 ip-172-31-32-178 kernel: [    0.550653] audit: type=2000 audit(1582762016.974:1): initialized
Feb 27 00:07:09 ip-172-31-32-178 kernel: [    0.550936] workingset: timestamp_bits=40 max_order=18 bucket_order=0
Feb 27 00:07:09 ip-172-31-32-178 kernel: [    0.550949] zbud: loaded
Feb 27 00:07:09 ip-172-31-32-178 kernel: [    0.551536] Block layer SCSI generic (bsg) driver version 0.4 loaded (major 250)
Feb 27 00:07:09 ip-172-31-32-178 kernel: [    0.551558] io scheduler noop registered (default)
Feb 27 00:07:09 ip-172-31-32-178 kernel: [    0.551559] io scheduler deadline registered
Feb 27 00:07:09 ip-172-31-32-178 kernel: [    0.551571] io scheduler cfq registered
Feb 27 00:07:09 ip-172-31-32-178 kernel: [    0.551621] pci_hotplug: PCI Hot Plug PCI Core version: 0.5
Feb 27 00:07:09 ip-172-31-32-178 kernel: [    0.551625] pciehp: PCI Express Hot Plug Controller Driver version: 0.4
Feb 27 00:07:09 ip-172-31-32-178 kernel: [    0.551641] intel_idle: does not run on family 6 model 63
Feb 27 00:07:09 ip-172-31-32-178 kernel: [    0.551736] GHES: HEST is not enabled!
Feb 27 00:07:09 ip-172-31-32-178 kernel: [    0.552138] xen: --> pirq=22 -> irq=28 (gsi=28)
Feb 27 00:07:09 ip-172-31-32-178 kernel: [    0.552216] xen:grant_table: Grant tables using version 1 layout
Feb 27 00:07:09 ip-172-31-32-178 kernel: [    0.552231] Grant table initialized
Feb 27 00:07:09 ip-172-31-32-178 kernel: [    0.552277] Cannot get hvm parameter CONSOLE_EVTCHN (18): -22!
Feb 27 00:07:09 ip-172-31-32-178 kernel: [    0.555705] Serial: 8250/16550 driver, 4 ports, IRQ sharing enabled
Feb 27 00:07:09 ip-172-31-32-178 kernel: [    0.583144] 00:06: ttyS0 at I/O 0x3f8 (irq = 4, base_baud = 115200) is a 16550A
Feb 27 00:07:09 ip-172-31-32-178 kernel: [    0.583824] Linux agpgart interface v0.103
Feb 27 00:07:09 ip-172-31-32-178 kernel: [    0.583953] AMD IOMMUv2 driver by Joerg Roedel <jroedel@suse.de>
Feb 27 00:07:09 ip-172-31-32-178 kernel: [    0.583953] AMD IOMMUv2 functionality not available on this system
Feb 27 00:07:09 ip-172-31-32-178 kernel: [    0.584099] i8042: PNP: PS/2 Controller [PNP0303:PS2K,PNP0f13:PS2M] at 0x60,0x64 irq 1,12
Feb 27 00:07:09 ip-172-31-32-178 kernel: [    0.585784] serio: i8042 KBD port at 0x60,0x64 irq 1
Feb 27 00:07:09 ip-172-31-32-178 kernel: [    0.585789] serio: i8042 AUX port at 0x60,0x64 irq 12
Feb 27 00:07:09 ip-172-31-32-178 kernel: [    0.585887] mousedev: PS/2 mouse device common for all mice
Feb 27 00:07:09 ip-172-31-32-178 kernel: [    0.586579] input: AT Translated Set 2 keyboard as /devices/platform/i8042/serio0/input/input0
Feb 27 00:07:09 ip-172-31-32-178 kernel: [    0.587086] rtc_cmos 00:02: rtc core: registered rtc_cmos as rtc0
Feb 27 00:07:09 ip-172-31-32-178 kernel: [    0.587157] rtc_cmos 00:02: alarms up to one day, 114 bytes nvram, hpet irqs
Feb 27 00:07:09 ip-172-31-32-178 kernel: [    0.587176] ledtrig-cpu: registered to indicate activity on CPUs
Feb 27 00:07:09 ip-172-31-32-178 kernel: [    0.587360] NET: Registered protocol family 10
Feb 27 00:07:09 ip-172-31-32-178 kernel: [    0.587560] mip6: Mobile IPv6
Feb 27 00:07:09 ip-172-31-32-178 kernel: [    0.587562] NET: Registered protocol family 17
Feb 27 00:07:09 ip-172-31-32-178 kernel: [    0.587564] mpls_gso: MPLS GSO support
Feb 27 00:07:09 ip-172-31-32-178 kernel: [    0.587728] registered taskstats version 1
Feb 27 00:07:09 ip-172-31-32-178 kernel: [    0.587740] zswap: loaded using pool lzo/zbud
Feb 27 00:07:09 ip-172-31-32-178 kernel: [    0.587811] ima: No TPM chip found, activating TPM-bypass!
Feb 27 00:07:09 ip-172-31-32-178 kernel: [    0.587814] ima: Allocated hash algorithm: sha256
Feb 27 00:07:09 ip-172-31-32-178 kernel: [    0.588119] xenbus_probe_frontend: Device with no driver: device/vbd/51712
Feb 27 00:07:09 ip-172-31-32-178 kernel: [    0.588119] xenbus_probe_frontend: Device with no driver: device/vif/0
Feb 27 00:07:09 ip-172-31-32-178 kernel: [    0.588146] rtc_cmos 00:02: setting system clock to 2020-02-27 00:06:57 UTC (1582762017)
Feb 27 00:07:09 ip-172-31-32-178 kernel: [    0.588164] PM: Hibernation image not present or could not be loaded.
Feb 27 00:07:09 ip-172-31-32-178 kernel: [    0.589785] Freeing unused kernel memory: 1424K
Feb 27 00:07:09 ip-172-31-32-178 kernel: [    0.589786] Write protecting the kernel read-only data: 12288k
Feb 27 00:07:09 ip-172-31-32-178 kernel: [    0.590321] Freeing unused kernel memory: 1896K
Feb 27 00:07:09 ip-172-31-32-178 kernel: [    0.592568] Freeing unused kernel memory: 1220K
Feb 27 00:07:09 ip-172-31-32-178 kernel: [    0.596669] x86/mm: Checked W+X mappings: passed, no W+X pages found.
Feb 27 00:07:09 ip-172-31-32-178 kernel: [    0.602182] random: systemd-udevd: uninitialized urandom read (16 bytes read)
Feb 27 00:07:09 ip-172-31-32-178 kernel: [    0.602260] random: systemd-udevd: uninitialized urandom read (16 bytes read)
Feb 27 00:07:09 ip-172-31-32-178 kernel: [    0.602269] random: systemd-udevd: uninitialized urandom read (16 bytes read)
Feb 27 00:07:09 ip-172-31-32-178 kernel: [    0.701598] SCSI subsystem initialized
Feb 27 00:07:09 ip-172-31-32-178 kernel: [    0.705865] FDC 0 is a S82078B
Feb 27 00:07:09 ip-172-31-32-178 kernel: [    0.707826] piix4_smbus 0000:00:01.3: SMBus base address uninitialized - upgrade BIOS or use force_addr=0xaddr
Feb 27 00:07:09 ip-172-31-32-178 kernel: [    0.728254] libata version 3.00 loaded.
Feb 27 00:07:09 ip-172-31-32-178 kernel: [    0.733266] Invalid max_queues (4), will use default max: 1.
Feb 27 00:07:09 ip-172-31-32-178 kernel: [    0.733780] xen_netfront: Initialising Xen virtual ethernet driver
Feb 27 00:07:09 ip-172-31-32-178 kernel: [    0.734662] AVX2 version of gcm_enc/dec engaged.
Feb 27 00:07:09 ip-172-31-32-178 kernel: [    0.734663] AES CTR mode by8 optimization enabled
Feb 27 00:07:09 ip-172-31-32-178 kernel: [    0.743030] ata_piix 0000:00:01.1: version 2.13
Feb 27 00:07:09 ip-172-31-32-178 kernel: [    0.750824] scsi host0: ata_piix
Feb 27 00:07:09 ip-172-31-32-178 kernel: [    0.756639] random: fast init done
Feb 27 00:07:09 ip-172-31-32-178 kernel: [    0.758329] scsi host1: ata_piix
Feb 27 00:07:09 ip-172-31-32-178 kernel: [    0.758390] ata1: PATA max MWDMA2 cmd 0x1f0 ctl 0x3f6 bmdma 0xc100 irq 14
Feb 27 00:07:09 ip-172-31-32-178 kernel: [    0.758391] ata2: PATA max MWDMA2 cmd 0x170 ctl 0x376 bmdma 0xc108 irq 15
Feb 27 00:07:09 ip-172-31-32-178 kernel: [    0.772830] blkfront: xvda: barrier or flush: disabled; persistent grants: disabled; indirect descriptors: enabled;
Feb 27 00:07:09 ip-172-31-32-178 kernel: [    0.774930]  xvda: xvda1
Feb 27 00:07:09 ip-172-31-32-178 kernel: [    1.099960] EXT4-fs (xvda1): mounted filesystem with ordered data mode. Opts: (null)
Feb 27 00:07:09 ip-172-31-32-178 kernel: [    1.568117] tsc: Refined TSC clocksource calibration: 2399.998 MHz
Feb 27 00:07:09 ip-172-31-32-178 kernel: [    1.568121] clocksource: tsc: mask: 0xffffffffffffffff max_cycles: 0x229835b7123, max_idle_ns: 440795242976 ns
Feb 27 00:07:09 ip-172-31-32-178 kernel: [    1.596941] input: ImExPS/2 Generic Explorer Mouse as /devices/platform/i8042/serio1/input/input2
Feb 27 00:07:09 ip-172-31-32-178 kernel: [    2.396411] ip_tables: (C) 2000-2006 Netfilter Core Team
Feb 27 00:07:09 ip-172-31-32-178 kernel: [    3.774928] EXT4-fs (xvda1): re-mounted. Opts: discard,errors=remount-ro
Feb 27 00:07:09 ip-172-31-32-178 kernel: [    4.223442] input: Power Button as /devices/LNXSYSTM:00/LNXPWRBN:00/input/input3
Feb 27 00:07:09 ip-172-31-32-178 kernel: [    4.223447] ACPI: Power Button [PWRF]
Feb 27 00:07:09 ip-172-31-32-178 kernel: [    4.223503] input: Sleep Button as /devices/LNXSYSTM:00/LNXSLPBN:00/input/input4
Feb 27 00:07:09 ip-172-31-32-178 kernel: [    4.223505] ACPI: Sleep Button [SLPF]
Feb 27 00:07:09 ip-172-31-32-178 kernel: [    4.340865] [drm] Initialized
Feb 27 00:07:09 ip-172-31-32-178 kernel: [    4.366444] RAPL PMU: API unit is 2^-32 Joules, 4 fixed counters, 655360 ms ovfl timer
Feb 27 00:07:09 ip-172-31-32-178 kernel: [    4.366445] RAPL PMU: hw unit of domain pp0-core 2^-14 Joules
Feb 27 00:07:09 ip-172-31-32-178 kernel: [    4.366446] RAPL PMU: hw unit of domain package 2^-14 Joules
Feb 27 00:07:09 ip-172-31-32-178 kernel: [    4.366447] RAPL PMU: hw unit of domain dram 2^-14 Joules
Feb 27 00:07:09 ip-172-31-32-178 kernel: [    4.366447] RAPL PMU: hw unit of domain pp1-gpu 2^-14 Joules
Feb 27 00:07:09 ip-172-31-32-178 kernel: [    4.445232] [TTM] Zone  kernel: Available graphics memory: 509224 kiB
Feb 27 00:07:09 ip-172-31-32-178 kernel: [    4.445233] [TTM] Initializing pool allocator
Feb 27 00:07:09 ip-172-31-32-178 kernel: [    4.445237] [TTM] Initializing DMA pool allocator
Feb 27 00:07:09 ip-172-31-32-178 kernel: [    4.445735] [drm] fb mappable at 0xF0000000
Feb 27 00:07:09 ip-172-31-32-178 kernel: [    4.445736] [drm] vram aper at 0xF0000000
Feb 27 00:07:09 ip-172-31-32-178 kernel: [    4.445736] [drm] size 33554432
Feb 27 00:07:09 ip-172-31-32-178 kernel: [    4.445737] [drm] fb depth is 24
Feb 27 00:07:09 ip-172-31-32-178 kernel: [    4.445737] [drm]    pitch is 3072
Feb 27 00:07:09 ip-172-31-32-178 kernel: [    4.445933] fbcon: cirrusdrmfb (fb0) is primary device
Feb 27 00:07:09 ip-172-31-32-178 kernel: [    4.530442] Console: switching to colour frame buffer device 128x48
Feb 27 00:07:09 ip-172-31-32-178 kernel: [    4.598413] cirrus 0000:00:02.0: fb0: cirrusdrmfb frame buffer device
Feb 27 00:07:09 ip-172-31-32-178 kernel: [    4.600956] [drm] Initialized cirrus 1.0.0 20110418 for 0000:00:02.0 on minor 0
Feb 27 00:07:09 ip-172-31-32-178 kernel: [    4.622665] EDAC MC: Ver: 3.0.0
Feb 27 00:07:09 ip-172-31-32-178 kernel: [    4.707905] EDAC sbridge: Seeking for: PCI ID 8086:2fa0
Feb 27 00:07:09 ip-172-31-32-178 kernel: [    4.707909] EDAC sbridge:  Ver: 1.1.1 
Feb 27 00:07:09 ip-172-31-32-178 kernel: [    4.803755] intel_rapl: Found RAPL domain package
Feb 27 00:07:09 ip-172-31-32-178 kernel: [    4.803766] intel_rapl: Found RAPL domain dram
Feb 27 00:07:09 ip-172-31-32-178 kernel: [    4.803767] intel_rapl: DRAM domain energy unit 15300pj
Feb 27 00:08:10 ip-172-31-32-178 kernel: [   73.600130] random: crng init done
Feb 27 00:08:10 ip-172-31-32-178 kernel: [   73.600151] random: 7 urandom warning(s) missed due to ratelimiting
Feb 27 00:12:46 ip-172-31-32-178 kernel: [  350.071879] device-mapper: uevent: version 1.0.3
Feb 27 00:12:46 ip-172-31-32-178 kernel: [  350.072486] device-mapper: ioctl: 4.35.0-ioctl (2016-06-23) initialised: dm-devel@redhat.com
Feb 27 22:36:23 ip-172-31-32-178 kernel: [    0.000000] Linux version 4.9.0-12-amd64 (debian-kernel@lists.debian.org) (gcc version 6.3.0 20170516 (Debian 6.3.0-18+deb9u1) ) #1 SMP Debian 4.9.210-1 (2020-01-20)
Feb 27 22:36:23 ip-172-31-32-178 kernel: [    0.000000] Command line: BOOT_IMAGE=/boot/vmlinuz-4.9.0-12-amd64 root=UUID=13ea901b-a08d-41a5-8e04-521c4415f9aa ro quiet elevator=noop console=tty console=ttyS0 net.ifnames=0
Feb 27 22:36:23 ip-172-31-32-178 kernel: [    0.000000] x86/fpu: Supporting XSAVE feature 0x001: 'x87 floating point registers'
Feb 27 22:36:23 ip-172-31-32-178 kernel: [    0.000000] x86/fpu: Supporting XSAVE feature 0x002: 'SSE registers'
Feb 27 22:36:23 ip-172-31-32-178 kernel: [    0.000000] x86/fpu: Supporting XSAVE feature 0x004: 'AVX registers'
Feb 27 22:36:23 ip-172-31-32-178 kernel: [    0.000000] x86/fpu: xstate_offset[2]:  576, xstate_sizes[2]:  256
Feb 27 22:36:23 ip-172-31-32-178 kernel: [    0.000000] x86/fpu: Enabled xstate features 0x7, context size is 832 bytes, using 'standard' format.
Feb 27 22:36:23 ip-172-31-32-178 kernel: [    0.000000] e820: BIOS-provided physical RAM map:
Feb 27 22:36:23 ip-172-31-32-178 kernel: [    0.000000] BIOS-e820: [mem 0x0000000000000000-0x000000000009dfff] usable
Feb 27 22:36:23 ip-172-31-32-178 kernel: [    0.000000] BIOS-e820: [mem 0x000000000009e000-0x000000000009ffff] reserved
Feb 27 22:36:23 ip-172-31-32-178 kernel: [    0.000000] BIOS-e820: [mem 0x00000000000e0000-0x00000000000fffff] reserved
Feb 27 22:36:23 ip-172-31-32-178 kernel: [    0.000000] BIOS-e820: [mem 0x0000000000100000-0x000000003fffffff] usable
Feb 27 22:36:23 ip-172-31-32-178 kernel: [    0.000000] BIOS-e820: [mem 0x00000000fc000000-0x00000000ffffffff] reserved
Feb 27 22:36:23 ip-172-31-32-178 kernel: [    0.000000] NX (Execute Disable) protection: active
Feb 27 22:36:23 ip-172-31-32-178 kernel: [    0.000000] SMBIOS 2.7 present.
Feb 27 22:36:23 ip-172-31-32-178 kernel: [    0.000000] DMI: Xen HVM domU, BIOS 4.2.amazon 08/24/2006
Feb 27 22:36:23 ip-172-31-32-178 kernel: [    0.000000] Hypervisor detected: Xen
Feb 27 22:36:23 ip-172-31-32-178 kernel: [    0.000000] Xen version 4.2.
Feb 27 22:36:23 ip-172-31-32-178 kernel: [    0.000000] Xen Platform PCI: I/O protocol version 1
Feb 27 22:36:23 ip-172-31-32-178 kernel: [    0.000000] Netfront and the Xen platform PCI driver have been compiled for this kernel: unplug emulated NICs.
Feb 27 22:36:23 ip-172-31-32-178 kernel: [    0.000000] Blkfront and the Xen platform PCI driver have been compiled for this kernel: unplug emulated disks.
Feb 27 22:36:23 ip-172-31-32-178 kernel: [    0.000000] You might have to change the root device
Feb 27 22:36:23 ip-172-31-32-178 kernel: [    0.000000] from /dev/hd[a-d] to /dev/xvd[a-d]
Feb 27 22:36:23 ip-172-31-32-178 kernel: [    0.000000] in your root= kernel command line option
Feb 27 22:36:23 ip-172-31-32-178 kernel: [    0.000000] HVMOP_pagetable_dying not supported
Feb 27 22:36:23 ip-172-31-32-178 kernel: [    0.000000] e820: update [mem 0x00000000-0x00000fff] usable ==> reserved
Feb 27 22:36:23 ip-172-31-32-178 kernel: [    0.000000] e820: remove [mem 0x000a0000-0x000fffff] usable
Feb 27 22:36:23 ip-172-31-32-178 kernel: [    0.000000] e820: last_pfn = 0x40000 max_arch_pfn = 0x400000000
Feb 27 22:36:23 ip-172-31-32-178 kernel: [    0.000000] MTRR default type: write-back
Feb 27 22:36:23 ip-172-31-32-178 kernel: [    0.000000] MTRR fixed ranges enabled:
Feb 27 22:36:23 ip-172-31-32-178 kernel: [    0.000000]   00000-9FFFF write-back
Feb 27 22:36:23 ip-172-31-32-178 kernel: [    0.000000]   A0000-BFFFF write-combining
Feb 27 22:36:23 ip-172-31-32-178 kernel: [    0.000000]   C0000-FFFFF write-back
Feb 27 22:36:23 ip-172-31-32-178 kernel: [    0.000000] MTRR variable ranges enabled:
Feb 27 22:36:23 ip-172-31-32-178 kernel: [    0.000000]   0 base 0000F0000000 mask 3FFFF8000000 uncachable
Feb 27 22:36:23 ip-172-31-32-178 kernel: [    0.000000]   1 base 0000F8000000 mask 3FFFFC000000 uncachable
Feb 27 22:36:23 ip-172-31-32-178 kernel: [    0.000000]   2 disabled
Feb 27 22:36:23 ip-172-31-32-178 kernel: [    0.000000]   3 disabled
Feb 27 22:36:23 ip-172-31-32-178 kernel: [    0.000000]   4 disabled
Feb 27 22:36:23 ip-172-31-32-178 kernel: [    0.000000]   5 disabled
Feb 27 22:36:23 ip-172-31-32-178 kernel: [    0.000000]   6 disabled
Feb 27 22:36:23 ip-172-31-32-178 kernel: [    0.000000]   7 disabled
Feb 27 22:36:23 ip-172-31-32-178 kernel: [    0.000000] x86/PAT: Configuration [0-7]: WB  WC  UC- UC  WB  WC  UC- WT  
Feb 27 22:36:23 ip-172-31-32-178 kernel: [    0.000000] found SMP MP-table at [mem 0x000fbc50-0x000fbc5f] mapped at [ffff8daac00fbc50]
Feb 27 22:36:23 ip-172-31-32-178 kernel: [    0.000000] Base memory trampoline at [ffff8daac0098000] 98000 size 24576
Feb 27 22:36:23 ip-172-31-32-178 kernel: [    0.000000] BRK [0x3f536000, 0x3f536fff] PGTABLE
Feb 27 22:36:23 ip-172-31-32-178 kernel: [    0.000000] BRK [0x3f537000, 0x3f537fff] PGTABLE
Feb 27 22:36:23 ip-172-31-32-178 kernel: [    0.000000] BRK [0x3f538000, 0x3f538fff] PGTABLE
Feb 27 22:36:23 ip-172-31-32-178 kernel: [    0.000000] BRK [0x3f539000, 0x3f539fff] PGTABLE
Feb 27 22:36:23 ip-172-31-32-178 kernel: [    0.000000] RAMDISK: [mem 0x35de3000-0x36ee8fff]
Feb 27 22:36:23 ip-172-31-32-178 kernel: [    0.000000] ACPI: Early table checksum verification disabled
Feb 27 22:36:23 ip-172-31-32-178 kernel: [    0.000000] ACPI: RSDP 0x00000000000EA020 000024 (v02 Xen   )
Feb 27 22:36:23 ip-172-31-32-178 kernel: [    0.000000] ACPI: XSDT 0x00000000FC00E2A0 000054 (v01 Xen    HVM      00000000 HVML 00000000)
Feb 27 22:36:23 ip-172-31-32-178 kernel: [    0.000000] ACPI: FACP 0x00000000FC00DF60 0000F4 (v04 Xen    HVM      00000000 HVML 00000000)
Feb 27 22:36:23 ip-172-31-32-178 kernel: [    0.000000] ACPI: DSDT 0x00000000FC0021C0 00BD19 (v02 Xen    HVM      00000000 INTL 20090123)
Feb 27 22:36:23 ip-172-31-32-178 kernel: [    0.000000] ACPI: FACS 0x00000000FC002180 000040
Feb 27 22:36:23 ip-172-31-32-178 kernel: [    0.000000] ACPI: FACS 0x00000000FC002180 000040
Feb 27 22:36:23 ip-172-31-32-178 kernel: [    0.000000] ACPI: APIC 0x00000000FC00E060 0000D8 (v02 Xen    HVM      00000000 HVML 00000000)
Feb 27 22:36:23 ip-172-31-32-178 kernel: [    0.000000] ACPI: HPET 0x00000000FC00E1B0 000038 (v01 Xen    HVM      00000000 HVML 00000000)
Feb 27 22:36:23 ip-172-31-32-178 kernel: [    0.000000] ACPI: WAET 0x00000000FC00E1F0 000028 (v01 Xen    HVM      00000000 HVML 00000000)
Feb 27 22:36:23 ip-172-31-32-178 kernel: [    0.000000] ACPI: SSDT 0x00000000FC00E220 000031 (v02 Xen    HVM      00000000 INTL 20090123)
Feb 27 22:36:23 ip-172-31-32-178 kernel: [    0.000000] ACPI: SSDT 0x00000000FC00E260 000033 (v02 Xen    HVM      00000000 INTL 20090123)
Feb 27 22:36:23 ip-172-31-32-178 kernel: [    0.000000] ACPI: Local APIC address 0xfee00000
Feb 27 22:36:23 ip-172-31-32-178 kernel: [    0.000000] No NUMA configuration found
Feb 27 22:36:23 ip-172-31-32-178 kernel: [    0.000000] Faking a node at [mem 0x0000000000000000-0x000000003fffffff]
Feb 27 22:36:23 ip-172-31-32-178 kernel: [    0.000000] NODE_DATA(0) allocated [mem 0x3fffb000-0x3fffffff]
Feb 27 22:36:23 ip-172-31-32-178 kernel: [    0.000000] Zone ranges:
Feb 27 22:36:23 ip-172-31-32-178 kernel: [    0.000000]   DMA      [mem 0x0000000000001000-0x0000000000ffffff]
Feb 27 22:36:23 ip-172-31-32-178 kernel: [    0.000000]   DMA32    [mem 0x0000000001000000-0x000000003fffffff]
Feb 27 22:36:23 ip-172-31-32-178 kernel: [    0.000000]   Normal   empty
Feb 27 22:36:23 ip-172-31-32-178 kernel: [    0.000000]   Device   empty
Feb 27 22:36:23 ip-172-31-32-178 kernel: [    0.000000] Movable zone start for each node
Feb 27 22:36:23 ip-172-31-32-178 kernel: [    0.000000] Early memory node ranges
Feb 27 22:36:23 ip-172-31-32-178 kernel: [    0.000000]   node   0: [mem 0x0000000000001000-0x000000000009dfff]
Feb 27 22:36:23 ip-172-31-32-178 kernel: [    0.000000]   node   0: [mem 0x0000000000100000-0x000000003fffffff]
Feb 27 22:36:23 ip-172-31-32-178 kernel: [    0.000000] Initmem setup node 0 [mem 0x0000000000001000-0x000000003fffffff]
Feb 27 22:36:23 ip-172-31-32-178 kernel: [    0.000000] On node 0 totalpages: 262045
Feb 27 22:36:23 ip-172-31-32-178 kernel: [    0.000000]   DMA zone: 64 pages used for memmap
Feb 27 22:36:23 ip-172-31-32-178 kernel: [    0.000000]   DMA zone: 21 pages reserved
Feb 27 22:36:23 ip-172-31-32-178 kernel: [    0.000000]   DMA zone: 3997 pages, LIFO batch:0
Feb 27 22:36:23 ip-172-31-32-178 kernel: [    0.000000]   DMA32 zone: 4032 pages used for memmap
Feb 27 22:36:23 ip-172-31-32-178 kernel: [    0.000000]   DMA32 zone: 258048 pages, LIFO batch:31
Feb 27 22:36:23 ip-172-31-32-178 kernel: [    0.000000] ACPI: PM-Timer IO Port: 0xb008
Feb 27 22:36:23 ip-172-31-32-178 kernel: [    0.000000] ACPI: Local APIC address 0xfee00000
Feb 27 22:36:23 ip-172-31-32-178 kernel: [    0.000000] IOAPIC[0]: apic_id 1, version 17, address 0xfec00000, GSI 0-47
Feb 27 22:36:23 ip-172-31-32-178 kernel: [    0.000000] ACPI: INT_SRC_OVR (bus 0 bus_irq 0 global_irq 2 dfl dfl)
Feb 27 22:36:23 ip-172-31-32-178 kernel: [    0.000000] ACPI: INT_SRC_OVR (bus 0 bus_irq 5 global_irq 5 low level)
Feb 27 22:36:23 ip-172-31-32-178 kernel: [    0.000000] ACPI: INT_SRC_OVR (bus 0 bus_irq 10 global_irq 10 low level)
Feb 27 22:36:23 ip-172-31-32-178 kernel: [    0.000000] ACPI: INT_SRC_OVR (bus 0 bus_irq 11 global_irq 11 low level)
Feb 27 22:36:23 ip-172-31-32-178 kernel: [    0.000000] ACPI: IRQ0 used by override.
Feb 27 22:36:23 ip-172-31-32-178 kernel: [    0.000000] ACPI: IRQ5 used by override.
Feb 27 22:36:23 ip-172-31-32-178 kernel: [    0.000000] ACPI: IRQ9 used by override.
Feb 27 22:36:23 ip-172-31-32-178 kernel: [    0.000000] ACPI: IRQ10 used by override.
Feb 27 22:36:23 ip-172-31-32-178 kernel: [    0.000000] ACPI: IRQ11 used by override.
Feb 27 22:36:23 ip-172-31-32-178 kernel: [    0.000000] Using ACPI (MADT) for SMP configuration information
Feb 27 22:36:23 ip-172-31-32-178 kernel: [    0.000000] ACPI: HPET id: 0x8086a201 base: 0xfed00000
Feb 27 22:36:23 ip-172-31-32-178 kernel: [    0.000000] smpboot: Allowing 15 CPUs, 14 hotplug CPUs
Feb 27 22:36:23 ip-172-31-32-178 kernel: [    0.000000] PM: Registered nosave memory: [mem 0x00000000-0x00000fff]
Feb 27 22:36:23 ip-172-31-32-178 kernel: [    0.000000] PM: Registered nosave memory: [mem 0x0009e000-0x0009ffff]
Feb 27 22:36:23 ip-172-31-32-178 kernel: [    0.000000] PM: Registered nosave memory: [mem 0x000a0000-0x000dffff]
Feb 27 22:36:23 ip-172-31-32-178 kernel: [    0.000000] PM: Registered nosave memory: [mem 0x000e0000-0x000fffff]
Feb 27 22:36:23 ip-172-31-32-178 kernel: [    0.000000] e820: [mem 0x40000000-0xfbffffff] available for PCI devices
Feb 27 22:36:23 ip-172-31-32-178 kernel: [    0.000000] Booting paravirtualized kernel on Xen HVM
Feb 27 22:36:23 ip-172-31-32-178 kernel: [    0.000000] clocksource: refined-jiffies: mask: 0xffffffff max_cycles: 0xffffffff, max_idle_ns: 7645519600211568 ns
Feb 27 22:36:23 ip-172-31-32-178 kernel: [    0.000000] setup_percpu: NR_CPUS:512 nr_cpumask_bits:512 nr_cpu_ids:15 nr_node_ids:1
Feb 27 22:36:23 ip-172-31-32-178 kernel: [    0.000000] percpu: Embedded 35 pages/cpu s105304 r8192 d29864 u262144
Feb 27 22:36:23 ip-172-31-32-178 kernel: [    0.000000] pcpu-alloc: s105304 r8192 d29864 u262144 alloc=1*2097152
Feb 27 22:36:23 ip-172-31-32-178 kernel: [    0.000000] pcpu-alloc: [0] 00 01 02 03 04 05 06 07 [0] 08 09 10 11 12 13 14 -- 
Feb 27 22:36:23 ip-172-31-32-178 kernel: [    0.000000] xen: PV spinlocks enabled
Feb 27 22:36:23 ip-172-31-32-178 kernel: [    0.000000] PV qspinlock hash table entries: 256 (order: 0, 4096 bytes)
Feb 27 22:36:23 ip-172-31-32-178 kernel: [    0.000000] Built 1 zonelists in Node order, mobility grouping on.  Total pages: 257928
Feb 27 22:36:23 ip-172-31-32-178 kernel: [    0.000000] Policy zone: DMA32
Feb 27 22:36:23 ip-172-31-32-178 kernel: [    0.000000] Kernel command line: BOOT_IMAGE=/boot/vmlinuz-4.9.0-12-amd64 root=UUID=13ea901b-a08d-41a5-8e04-521c4415f9aa ro quiet elevator=noop console=tty console=ttyS0 net.ifnames=0
Feb 27 22:36:23 ip-172-31-32-178 kernel: [    0.000000] PID hash table entries: 4096 (order: 3, 32768 bytes)
Feb 27 22:36:23 ip-172-31-32-178 kernel: [    0.000000] Calgary: detecting Calgary via BIOS EBDA area
Feb 27 22:36:23 ip-172-31-32-178 kernel: [    0.000000] Calgary: Unable to locate Rio Grande table in EBDA - bailing!
Feb 27 22:36:23 ip-172-31-32-178 kernel: [    0.000000] Memory: 996472K/1048180K available (6287K kernel code, 1162K rwdata, 2876K rodata, 1424K init, 660K bss, 51708K reserved, 0K cma-reserved)
Feb 27 22:36:23 ip-172-31-32-178 kernel: [    0.000000] Kernel/User page tables isolation: enabled
Feb 27 22:36:23 ip-172-31-32-178 kernel: [    0.000000] Hierarchical RCU implementation.
Feb 27 22:36:23 ip-172-31-32-178 kernel: [    0.000000] 	Build-time adjustment of leaf fanout to 64.
Feb 27 22:36:23 ip-172-31-32-178 kernel: [    0.000000] 	RCU restricting CPUs from NR_CPUS=512 to nr_cpu_ids=15.
Feb 27 22:36:23 ip-172-31-32-178 kernel: [    0.000000] RCU: Adjusting geometry for rcu_fanout_leaf=64, nr_cpu_ids=15
Feb 27 22:36:23 ip-172-31-32-178 kernel: [    0.000000] NR_IRQS:33024 nr_irqs:952 16
Feb 27 22:36:23 ip-172-31-32-178 kernel: [    0.000000] xen:events: Using 2-level ABI
Feb 27 22:36:23 ip-172-31-32-178 kernel: [    0.000000] xen:events: Xen HVM callback vector for event delivery is enabled
Feb 27 22:36:23 ip-172-31-32-178 kernel: [    0.000000] Console: colour VGA+ 80x25
Feb 27 22:36:23 ip-172-31-32-178 kernel: [    0.000000] console [tty0] enabled
Feb 27 22:36:23 ip-172-31-32-178 kernel: [    0.000000] Cannot get hvm parameter CONSOLE_EVTCHN (18): -22!
Feb 27 22:36:23 ip-172-31-32-178 kernel: [    0.000000] console [ttyS0] enabled
Feb 27 22:36:23 ip-172-31-32-178 kernel: [    0.000000] clocksource: hpet: mask: 0xffffffff max_cycles: 0xffffffff, max_idle_ns: 30580167144 ns
Feb 27 22:36:23 ip-172-31-32-178 kernel: [    0.000000] hpet clockevent registered
Feb 27 22:36:23 ip-172-31-32-178 kernel: [    0.000000] tsc: Fast TSC calibration using PIT
Feb 27 22:36:23 ip-172-31-32-178 kernel: [    0.000000] tsc: Detected 2400.160 MHz processor
Feb 27 22:36:23 ip-172-31-32-178 kernel: [    0.020000] Calibrating delay loop (skipped), value calculated using timer frequency.. 4800.12 BogoMIPS (lpj=9600256)
Feb 27 22:36:23 ip-172-31-32-178 kernel: [    0.020000] pid_max: default: 32768 minimum: 301
Feb 27 22:36:23 ip-172-31-32-178 kernel: [    0.020000] ACPI: Core revision 20160831
Feb 27 22:36:23 ip-172-31-32-178 kernel: [    0.022636] ACPI: 3 ACPI AML tables successfully acquired and loaded
Feb 27 22:36:23 ip-172-31-32-178 kernel: [    0.022704] Security Framework initialized
Feb 27 22:36:23 ip-172-31-32-178 kernel: [    0.022705] Yama: disabled by default; enable with sysctl kernel.yama.*
Feb 27 22:36:23 ip-172-31-32-178 kernel: [    0.022714] AppArmor: AppArmor disabled by boot time parameter
Feb 27 22:36:23 ip-172-31-32-178 kernel: [    0.022784] Dentry cache hash table entries: 131072 (order: 8, 1048576 bytes)
Feb 27 22:36:23 ip-172-31-32-178 kernel: [    0.022950] Inode-cache hash table entries: 65536 (order: 7, 524288 bytes)
Feb 27 22:36:23 ip-172-31-32-178 kernel: [    0.023028] Mount-cache hash table entries: 2048 (order: 2, 16384 bytes)
Feb 27 22:36:23 ip-172-31-32-178 kernel: [    0.023030] Mountpoint-cache hash table entries: 2048 (order: 2, 16384 bytes)
Feb 27 22:36:23 ip-172-31-32-178 kernel: [    0.023313] mce: CPU supports 2 MCE banks
Feb 27 22:36:23 ip-172-31-32-178 kernel: [    0.023340] Last level iTLB entries: 4KB 1024, 2MB 1024, 4MB 1024
Feb 27 22:36:23 ip-172-31-32-178 kernel: [    0.023341] Last level dTLB entries: 4KB 1024, 2MB 1024, 4MB 1024, 1GB 4
Feb 27 22:36:23 ip-172-31-32-178 kernel: [    0.023343] Spectre V1 : Mitigation: usercopy/swapgs barriers and __user pointer sanitization
Feb 27 22:36:23 ip-172-31-32-178 kernel: [    0.023345] Spectre V2 : Mitigation: Full generic retpoline
Feb 27 22:36:23 ip-172-31-32-178 kernel: [    0.023346] Spectre V2 : Spectre v2 / SpectreRSB mitigation: Filling RSB on context switch
Feb 27 22:36:23 ip-172-31-32-178 kernel: [    0.023347] Speculative Store Bypass: Vulnerable
Feb 27 22:36:23 ip-172-31-32-178 kernel: [    0.023399] MDS: Vulnerable: Clear CPU buffers attempted, no microcode
Feb 27 22:36:23 ip-172-31-32-178 kernel: [    0.040827] ftrace: allocating 25348 entries in 100 pages
Feb 27 22:36:23 ip-172-31-32-178 kernel: [    0.072130] smpboot: Max logical packages: 15
Feb 27 22:36:23 ip-172-31-32-178 kernel: [    0.076504] x2apic: IRQ remapping doesn't support X2APIC mode
Feb 27 22:36:23 ip-172-31-32-178 kernel: [    0.077296] Switched APIC routing to physical flat.
Feb 27 22:36:23 ip-172-31-32-178 kernel: [    0.080000] ..TIMER: vector=0x30 apic1=0 pin1=2 apic2=0 pin2=0
Feb 27 22:36:23 ip-172-31-32-178 kernel: [    0.119870] clocksource: xen: mask: 0xffffffffffffffff max_cycles: 0x1cd42e4dffb, max_idle_ns: 881590591483 ns
Feb 27 22:36:23 ip-172-31-32-178 kernel: [    0.119882] Xen: using vcpuop timer interface
Feb 27 22:36:23 ip-172-31-32-178 kernel: [    0.119891] installing Xen timer for CPU 0
Feb 27 22:36:23 ip-172-31-32-178 kernel: [    0.119984] smpboot: CPU0: Intel(R) Xeon(R) CPU E5-2676 v3 @ 2.40GHz (family: 0x6, model: 0x3f, stepping: 0x2)
Feb 27 22:36:23 ip-172-31-32-178 kernel: [    0.120000] cpu 0 spinlock event irq 53
Feb 27 22:36:23 ip-172-31-32-178 kernel: [    0.120000] Performance Events: unsupported p6 CPU model 63 no PMU driver, software events only.
Feb 27 22:36:23 ip-172-31-32-178 kernel: [    0.120000] NMI watchdog: disabled (cpu0): hardware events not enabled
Feb 27 22:36:23 ip-172-31-32-178 kernel: [    0.120000] NMI watchdog: Shutting down hard lockup detector on all cpus
Feb 27 22:36:23 ip-172-31-32-178 kernel: [    0.120000] x86: Booted up 1 node, 1 CPUs
Feb 27 22:36:23 ip-172-31-32-178 kernel: [    0.120000] smpboot: Total of 1 processors activated (4800.12 BogoMIPS)
Feb 27 22:36:23 ip-172-31-32-178 kernel: [    0.120000] devtmpfs: initialized
Feb 27 22:36:23 ip-172-31-32-178 kernel: [    0.120000] x86/mm: Memory block size: 128MB
Feb 27 22:36:23 ip-172-31-32-178 kernel: [    0.120000] clocksource: jiffies: mask: 0xffffffff max_cycles: 0xffffffff, max_idle_ns: 7645041785100000 ns
Feb 27 22:36:23 ip-172-31-32-178 kernel: [    0.120000] futex hash table entries: 4096 (order: 6, 262144 bytes)
Feb 27 22:36:23 ip-172-31-32-178 kernel: [    0.120000] pinctrl core: initialized pinctrl subsystem
Feb 27 22:36:23 ip-172-31-32-178 kernel: [    0.120000] NET: Registered protocol family 16
Feb 27 22:36:23 ip-172-31-32-178 kernel: [    0.120077] cpuidle: using governor ladder
Feb 27 22:36:23 ip-172-31-32-178 kernel: [    0.120078] cpuidle: using governor menu
Feb 27 22:36:23 ip-172-31-32-178 kernel: [    0.120102] ACPI: bus type PCI registered
Feb 27 22:36:23 ip-172-31-32-178 kernel: [    0.120103] acpiphp: ACPI Hot Plug PCI Controller Driver version: 0.5
Feb 27 22:36:23 ip-172-31-32-178 kernel: [    0.120624] PCI: Using configuration type 1 for base access
Feb 27 22:36:23 ip-172-31-32-178 kernel: [    0.121325] HugeTLB registered 2 MB page size, pre-allocated 0 pages
Feb 27 22:36:23 ip-172-31-32-178 kernel: [    0.121549] ACPI: Added _OSI(Module Device)
Feb 27 22:36:23 ip-172-31-32-178 kernel: [    0.121550] ACPI: Added _OSI(Processor Device)
Feb 27 22:36:23 ip-172-31-32-178 kernel: [    0.121551] ACPI: Added _OSI(3.0 _SCP Extensions)
Feb 27 22:36:23 ip-172-31-32-178 kernel: [    0.121552] ACPI: Added _OSI(Processor Aggregator Device)
Feb 27 22:36:23 ip-172-31-32-178 kernel: [    0.121778] xen: --> pirq=16 -> irq=9 (gsi=9)
Feb 27 22:36:23 ip-172-31-32-178 kernel: [    0.124525] ACPI: Interpreter enabled
Feb 27 22:36:23 ip-172-31-32-178 kernel: [    0.124538] ACPI: (supports S0 S3 S4 S5)
Feb 27 22:36:23 ip-172-31-32-178 kernel: [    0.124539] ACPI: Using IOAPIC for interrupt routing
Feb 27 22:36:23 ip-172-31-32-178 kernel: [    0.124557] PCI: Using host bridge windows from ACPI; if necessary, use "pci=nocrs" and report a bug
Feb 27 22:36:23 ip-172-31-32-178 kernel: [    0.177871] ACPI: PCI Root Bridge [PCI0] (domain 0000 [bus 00-ff])
Feb 27 22:36:23 ip-172-31-32-178 kernel: [    0.177878] acpi PNP0A03:00: _OSC: OS supports [ASPM ClockPM Segments MSI]
Feb 27 22:36:23 ip-172-31-32-178 kernel: [    0.177884] acpi PNP0A03:00: _OSC failed (AE_NOT_FOUND); disabling ASPM
Feb 27 22:36:23 ip-172-31-32-178 kernel: [    0.177894] acpi PNP0A03:00: fail to add MMCONFIG information, can't access extended PCI configuration space under this bridge.
Feb 27 22:36:23 ip-172-31-32-178 kernel: [    0.179053] acpiphp: Slot [0] registered
Feb 27 22:36:23 ip-172-31-32-178 kernel: [    0.180135] acpiphp: Slot [3] registered
Feb 27 22:36:23 ip-172-31-32-178 kernel: [    0.180599] acpiphp: Slot [4] registered
Feb 27 22:36:23 ip-172-31-32-178 kernel: [    0.181026] acpiphp: Slot [5] registered
Feb 27 22:36:23 ip-172-31-32-178 kernel: [    0.181439] acpiphp: Slot [6] registered
Feb 27 22:36:23 ip-172-31-32-178 kernel: [    0.181863] acpiphp: Slot [7] registered
Feb 27 22:36:23 ip-172-31-32-178 kernel: [    0.182357] acpiphp: Slot [8] registered
Feb 27 22:36:23 ip-172-31-32-178 kernel: [    0.182802] acpiphp: Slot [9] registered
Feb 27 22:36:23 ip-172-31-32-178 kernel: [    0.183220] acpiphp: Slot [10] registered
Feb 27 22:36:23 ip-172-31-32-178 kernel: [    0.183639] acpiphp: Slot [11] registered
Feb 27 22:36:23 ip-172-31-32-178 kernel: [    0.184006] acpiphp: Slot [12] registered
Feb 27 22:36:23 ip-172-31-32-178 kernel: [    0.184434] acpiphp: Slot [13] registered
Feb 27 22:36:23 ip-172-31-32-178 kernel: [    0.184860] acpiphp: Slot [14] registered
Feb 27 22:36:23 ip-172-31-32-178 kernel: [    0.185316] acpiphp: Slot [15] registered
Feb 27 22:36:23 ip-172-31-32-178 kernel: [    0.185750] acpiphp: Slot [16] registered
Feb 27 22:36:23 ip-172-31-32-178 kernel: [    0.186256] acpiphp: Slot [17] registered
Feb 27 22:36:23 ip-172-31-32-178 kernel: [    0.186739] acpiphp: Slot [18] registered
Feb 27 22:36:23 ip-172-31-32-178 kernel: [    0.187156] acpiphp: Slot [19] registered
Feb 27 22:36:23 ip-172-31-32-178 kernel: [    0.187565] acpiphp: Slot [20] registered
Feb 27 22:36:23 ip-172-31-32-178 kernel: [    0.187969] acpiphp: Slot [21] registered
Feb 27 22:36:23 ip-172-31-32-178 kernel: [    0.188295] acpiphp: Slot [22] registered
Feb 27 22:36:23 ip-172-31-32-178 kernel: [    0.188693] acpiphp: Slot [23] registered
Feb 27 22:36:23 ip-172-31-32-178 kernel: [    0.189091] acpiphp: Slot [24] registered
Feb 27 22:36:23 ip-172-31-32-178 kernel: [    0.189484] acpiphp: Slot [25] registered
Feb 27 22:36:23 ip-172-31-32-178 kernel: [    0.189884] acpiphp: Slot [26] registered
Feb 27 22:36:23 ip-172-31-32-178 kernel: [    0.190273] acpiphp: Slot [27] registered
Feb 27 22:36:23 ip-172-31-32-178 kernel: [    0.190731] acpiphp: Slot [28] registered
Feb 27 22:36:23 ip-172-31-32-178 kernel: [    0.191136] acpiphp: Slot [29] registered
Feb 27 22:36:23 ip-172-31-32-178 kernel: [    0.191538] acpiphp: Slot [30] registered
Feb 27 22:36:23 ip-172-31-32-178 kernel: [    0.192042] acpiphp: Slot [31] registered
Feb 27 22:36:23 ip-172-31-32-178 kernel: [    0.192423] PCI host bridge to bus 0000:00
Feb 27 22:36:23 ip-172-31-32-178 kernel: [    0.192425] pci_bus 0000:00: root bus resource [io  0x0000-0x0cf7 window]
Feb 27 22:36:23 ip-172-31-32-178 kernel: [    0.192427] pci_bus 0000:00: root bus resource [io  0x0d00-0xffff window]
Feb 27 22:36:23 ip-172-31-32-178 kernel: [    0.192428] pci_bus 0000:00: root bus resource [mem 0x000a0000-0x000bffff window]
Feb 27 22:36:23 ip-172-31-32-178 kernel: [    0.192430] pci_bus 0000:00: root bus resource [mem 0xf0000000-0xfbffffff window]
Feb 27 22:36:23 ip-172-31-32-178 kernel: [    0.192432] pci_bus 0000:00: root bus resource [bus 00-ff]
Feb 27 22:36:23 ip-172-31-32-178 kernel: [    0.192561] pci 0000:00:00.0: [8086:1237] type 00 class 0x060000
Feb 27 22:36:23 ip-172-31-32-178 kernel: [    0.194368] pci 0000:00:01.0: [8086:7000] type 00 class 0x060100
Feb 27 22:36:23 ip-172-31-32-178 kernel: [    0.196885] pci 0000:00:01.1: [8086:7010] type 00 class 0x010180
Feb 27 22:36:23 ip-172-31-32-178 kernel: [    0.198020] pci 0000:00:01.1: reg 0x20: [io  0xc100-0xc10f]
Feb 27 22:36:23 ip-172-31-32-178 kernel: [    0.198506] pci 0000:00:01.1: legacy IDE quirk: reg 0x10: [io  0x01f0-0x01f7]
Feb 27 22:36:23 ip-172-31-32-178 kernel: [    0.198507] pci 0000:00:01.1: legacy IDE quirk: reg 0x14: [io  0x03f6]
Feb 27 22:36:23 ip-172-31-32-178 kernel: [    0.198508] pci 0000:00:01.1: legacy IDE quirk: reg 0x18: [io  0x0170-0x0177]
Feb 27 22:36:23 ip-172-31-32-178 kernel: [    0.198509] pci 0000:00:01.1: legacy IDE quirk: reg 0x1c: [io  0x0376]
Feb 27 22:36:23 ip-172-31-32-178 kernel: [    0.199164] pci 0000:00:01.3: [8086:7113] type 00 class 0x068000
Feb 27 22:36:23 ip-172-31-32-178 kernel: [    0.199196] * Found PM-Timer Bug on the chipset. Due to workarounds for a bug,
Feb 27 22:36:23 ip-172-31-32-178 kernel: [    0.199196] * this clock source is slow. Consider trying other clock sources
Feb 27 22:36:23 ip-172-31-32-178 kernel: [    0.200283] pci 0000:00:01.3: quirk: [io  0xb000-0xb03f] claimed by PIIX4 ACPI
Feb 27 22:36:23 ip-172-31-32-178 kernel: [    0.201303] pci 0000:00:02.0: [1013:00b8] type 00 class 0x030000
Feb 27 22:36:23 ip-172-31-32-178 kernel: [    0.201607] pci 0000:00:02.0: reg 0x10: [mem 0xf0000000-0xf1ffffff pref]
Feb 27 22:36:23 ip-172-31-32-178 kernel: [    0.201816] pci 0000:00:02.0: reg 0x14: [mem 0xf3000000-0xf3000fff]
Feb 27 22:36:23 ip-172-31-32-178 kernel: [    0.203677] pci 0000:00:03.0: [5853:0001] type 00 class 0xff8000
Feb 27 22:36:23 ip-172-31-32-178 kernel: [    0.203985] pci 0000:00:03.0: reg 0x10: [io  0xc000-0xc0ff]
Feb 27 22:36:23 ip-172-31-32-178 kernel: [    0.204119] pci 0000:00:03.0: reg 0x14: [mem 0xf2000000-0xf2ffffff pref]
Feb 27 22:36:23 ip-172-31-32-178 kernel: [    0.206946] ACPI: PCI Interrupt Link [LNKA] (IRQs *5 10 11)
Feb 27 22:36:23 ip-172-31-32-178 kernel: [    0.207140] ACPI: PCI Interrupt Link [LNKB] (IRQs 5 *10 11)
Feb 27 22:36:23 ip-172-31-32-178 kernel: [    0.207392] ACPI: PCI Interrupt Link [LNKC] (IRQs 5 10 *11)
Feb 27 22:36:23 ip-172-31-32-178 kernel: [    0.207601] ACPI: PCI Interrupt Link [LNKD] (IRQs *5 10 11)
Feb 27 22:36:23 ip-172-31-32-178 kernel: [    0.226830] ACPI: Enabled 2 GPEs in block 00 to 0F
Feb 27 22:36:23 ip-172-31-32-178 kernel: [    0.226931] xen:balloon: Initialising balloon driver
Feb 27 22:36:23 ip-172-31-32-178 kernel: [    0.232034] xen_balloon: Initialising balloon driver
Feb 27 22:36:23 ip-172-31-32-178 kernel: [    0.232340] vgaarb: setting as boot device: PCI:0000:00:02.0
Feb 27 22:36:23 ip-172-31-32-178 kernel: [    0.232341] vgaarb: device added: PCI:0000:00:02.0,decodes=io+mem,owns=io+mem,locks=none
Feb 27 22:36:23 ip-172-31-32-178 kernel: [    0.232345] vgaarb: loaded
Feb 27 22:36:23 ip-172-31-32-178 kernel: [    0.232346] vgaarb: bridge control possible 0000:00:02.0
Feb 27 22:36:23 ip-172-31-32-178 kernel: [    0.232459] PCI: Using ACPI for IRQ routing
Feb 27 22:36:23 ip-172-31-32-178 kernel: [    0.232461] PCI: pci_cache_line_size set to 64 bytes
Feb 27 22:36:23 ip-172-31-32-178 kernel: [    0.233084] e820: reserve RAM buffer [mem 0x0009e000-0x0009ffff]
Feb 27 22:36:23 ip-172-31-32-178 kernel: [    0.233277] HPET: 3 timers in total, 0 timers will be used for per-cpu timer
Feb 27 22:36:23 ip-172-31-32-178 kernel: [    0.233291] hpet0: at MMIO 0xfed00000, IRQs 2, 8, 0
Feb 27 22:36:23 ip-172-31-32-178 kernel: [    0.233294] hpet0: 3 comparators, 64-bit 62.500000 MHz counter
Feb 27 22:36:23 ip-172-31-32-178 kernel: [    0.237039] clocksource: Switched to clocksource xen
Feb 27 22:36:23 ip-172-31-32-178 kernel: [    0.242103] VFS: Disk quotas dquot_6.6.0
Feb 27 22:36:23 ip-172-31-32-178 kernel: [    0.242130] VFS: Dquot-cache hash table entries: 512 (order 0, 4096 bytes)
Feb 27 22:36:23 ip-172-31-32-178 kernel: [    0.242205] pnp: PnP ACPI init
Feb 27 22:36:23 ip-172-31-32-178 kernel: [    0.242273] system 00:00: [mem 0x00000000-0x0009ffff] could not be reserved
Feb 27 22:36:23 ip-172-31-32-178 kernel: [    0.242277] system 00:00: Plug and Play ACPI device, IDs PNP0c02 (active)
Feb 27 22:36:23 ip-172-31-32-178 kernel: [    0.242368] system 00:01: [io  0x08a0-0x08a3] has been reserved
Feb 27 22:36:23 ip-172-31-32-178 kernel: [    0.242369] system 00:01: [io  0x0cc0-0x0ccf] has been reserved
Feb 27 22:36:23 ip-172-31-32-178 kernel: [    0.242371] system 00:01: [io  0x04d0-0x04d1] has been reserved
Feb 27 22:36:23 ip-172-31-32-178 kernel: [    0.242373] system 00:01: Plug and Play ACPI device, IDs PNP0c02 (active)
Feb 27 22:36:23 ip-172-31-32-178 kernel: [    0.242399] xen: --> pirq=17 -> irq=8 (gsi=8)
Feb 27 22:36:23 ip-172-31-32-178 kernel: [    0.242414] pnp 00:02: Plug and Play ACPI device, IDs PNP0b00 (active)
Feb 27 22:36:23 ip-172-31-32-178 kernel: [    0.242433] xen: --> pirq=18 -> irq=12 (gsi=12)
Feb 27 22:36:23 ip-172-31-32-178 kernel: [    0.242449] pnp 00:03: Plug and Play ACPI device, IDs PNP0f13 (active)
Feb 27 22:36:23 ip-172-31-32-178 kernel: [    0.242468] xen: --> pirq=19 -> irq=1 (gsi=1)
Feb 27 22:36:23 ip-172-31-32-178 kernel: [    0.242483] pnp 00:04: Plug and Play ACPI device, IDs PNP0303 PNP030b (active)
Feb 27 22:36:23 ip-172-31-32-178 kernel: [    0.242501] xen: --> pirq=20 -> irq=6 (gsi=6)
Feb 27 22:36:23 ip-172-31-32-178 kernel: [    0.242504] pnp 00:05: [dma 2]
Feb 27 22:36:23 ip-172-31-32-178 kernel: [    0.242518] pnp 00:05: Plug and Play ACPI device, IDs PNP0700 (active)
Feb 27 22:36:23 ip-172-31-32-178 kernel: [    0.242541] xen: --> pirq=21 -> irq=4 (gsi=4)
Feb 27 22:36:23 ip-172-31-32-178 kernel: [    0.242556] pnp 00:06: Plug and Play ACPI device, IDs PNP0501 (active)
Feb 27 22:36:23 ip-172-31-32-178 kernel: [    0.242597] system 00:07: [io  0x10c0-0x1141] has been reserved
Feb 27 22:36:23 ip-172-31-32-178 kernel: [    0.242599] system 00:07: [io  0xb044-0xb047] has been reserved
Feb 27 22:36:23 ip-172-31-32-178 kernel: [    0.242601] system 00:07: Plug and Play ACPI device, IDs PNP0c02 (active)
Feb 27 22:36:23 ip-172-31-32-178 kernel: [    0.262384] pnp: PnP ACPI: found 8 devices
Feb 27 22:36:23 ip-172-31-32-178 kernel: [    0.268110] clocksource: acpi_pm: mask: 0xffffff max_cycles: 0xffffff, max_idle_ns: 2085701024 ns
Feb 27 22:36:23 ip-172-31-32-178 kernel: [    0.268121] pci_bus 0000:00: resource 4 [io  0x0000-0x0cf7 window]
Feb 27 22:36:23 ip-172-31-32-178 kernel: [    0.268122] pci_bus 0000:00: resource 5 [io  0x0d00-0xffff window]
Feb 27 22:36:23 ip-172-31-32-178 kernel: [    0.268124] pci_bus 0000:00: resource 6 [mem 0x000a0000-0x000bffff window]
Feb 27 22:36:23 ip-172-31-32-178 kernel: [    0.268126] pci_bus 0000:00: resource 7 [mem 0xf0000000-0xfbffffff window]
Feb 27 22:36:23 ip-172-31-32-178 kernel: [    0.268325] NET: Registered protocol family 2
Feb 27 22:36:23 ip-172-31-32-178 kernel: [    0.268531] TCP established hash table entries: 8192 (order: 4, 65536 bytes)
Feb 27 22:36:23 ip-172-31-32-178 kernel: [    0.268546] TCP bind hash table entries: 8192 (order: 5, 131072 bytes)
Feb 27 22:36:23 ip-172-31-32-178 kernel: [    0.268561] TCP: Hash tables configured (established 8192 bind 8192)
Feb 27 22:36:23 ip-172-31-32-178 kernel: [    0.268590] UDP hash table entries: 512 (order: 2, 16384 bytes)
Feb 27 22:36:23 ip-172-31-32-178 kernel: [    0.268595] UDP-Lite hash table entries: 512 (order: 2, 16384 bytes)
Feb 27 22:36:23 ip-172-31-32-178 kernel: [    0.268672] NET: Registered protocol family 1
Feb 27 22:36:23 ip-172-31-32-178 kernel: [    0.268682] pci 0000:00:00.0: Limiting direct PCI/PCI transfers
Feb 27 22:36:23 ip-172-31-32-178 kernel: [    0.268746] pci 0000:00:01.0: PIIX3: Enabling Passive Release
Feb 27 22:36:23 ip-172-31-32-178 kernel: [    0.268882] pci 0000:00:01.0: Activating ISA DMA hang workarounds
Feb 27 22:36:23 ip-172-31-32-178 kernel: [    0.269124] pci 0000:00:02.0: Video device with shadowed ROM at [mem 0x000c0000-0x000dffff]
Feb 27 22:36:23 ip-172-31-32-178 kernel: [    0.269198] PCI: CLS 0 bytes, default 64
Feb 27 22:36:23 ip-172-31-32-178 kernel: [    0.269242] Unpacking initramfs...
Feb 27 22:36:23 ip-172-31-32-178 kernel: [    0.539086] Freeing initrd memory: 17432K
Feb 27 22:36:23 ip-172-31-32-178 kernel: [    0.540258] audit: initializing netlink subsys (disabled)
Feb 27 22:36:23 ip-172-31-32-178 kernel: [    0.540278] audit: type=2000 audit(1582842978.143:1): initialized
Feb 27 22:36:23 ip-172-31-32-178 kernel: [    0.540582] workingset: timestamp_bits=40 max_order=18 bucket_order=0
Feb 27 22:36:23 ip-172-31-32-178 kernel: [    0.540597] zbud: loaded
Feb 27 22:36:23 ip-172-31-32-178 kernel: [    0.541193] Block layer SCSI generic (bsg) driver version 0.4 loaded (major 250)
Feb 27 22:36:23 ip-172-31-32-178 kernel: [    0.541214] io scheduler noop registered (default)
Feb 27 22:36:23 ip-172-31-32-178 kernel: [    0.541215] io scheduler deadline registered
Feb 27 22:36:23 ip-172-31-32-178 kernel: [    0.541227] io scheduler cfq registered
Feb 27 22:36:23 ip-172-31-32-178 kernel: [    0.541275] pci_hotplug: PCI Hot Plug PCI Core version: 0.5
Feb 27 22:36:23 ip-172-31-32-178 kernel: [    0.541279] pciehp: PCI Express Hot Plug Controller Driver version: 0.4
Feb 27 22:36:23 ip-172-31-32-178 kernel: [    0.541296] intel_idle: does not run on family 6 model 63
Feb 27 22:36:23 ip-172-31-32-178 kernel: [    0.541396] GHES: HEST is not enabled!
Feb 27 22:36:23 ip-172-31-32-178 kernel: [    0.541809] xen: --> pirq=22 -> irq=28 (gsi=28)
Feb 27 22:36:23 ip-172-31-32-178 kernel: [    0.541908] xen:grant_table: Grant tables using version 1 layout
Feb 27 22:36:23 ip-172-31-32-178 kernel: [    0.541922] Grant table initialized
Feb 27 22:36:23 ip-172-31-32-178 kernel: [    0.541965] Cannot get hvm parameter CONSOLE_EVTCHN (18): -22!
Feb 27 22:36:23 ip-172-31-32-178 kernel: [    0.545822] Serial: 8250/16550 driver, 4 ports, IRQ sharing enabled
Feb 27 22:36:23 ip-172-31-32-178 kernel: [    0.573471] 00:06: ttyS0 at I/O 0x3f8 (irq = 4, base_baud = 115200) is a 16550A
Feb 27 22:36:23 ip-172-31-32-178 kernel: [    0.574225] Linux agpgart interface v0.103
Feb 27 22:36:23 ip-172-31-32-178 kernel: [    0.574356] AMD IOMMUv2 driver by Joerg Roedel <jroedel@suse.de>
Feb 27 22:36:23 ip-172-31-32-178 kernel: [    0.574356] AMD IOMMUv2 functionality not available on this system
Feb 27 22:36:23 ip-172-31-32-178 kernel: [    0.574464] i8042: PNP: PS/2 Controller [PNP0303:PS2K,PNP0f13:PS2M] at 0x60,0x64 irq 1,12
Feb 27 22:36:23 ip-172-31-32-178 kernel: [    0.576228] serio: i8042 KBD port at 0x60,0x64 irq 1
Feb 27 22:36:23 ip-172-31-32-178 kernel: [    0.576233] serio: i8042 AUX port at 0x60,0x64 irq 12
Feb 27 22:36:23 ip-172-31-32-178 kernel: [    0.576337] mousedev: PS/2 mouse device common for all mice
Feb 27 22:36:23 ip-172-31-32-178 kernel: [    0.577029] input: AT Translated Set 2 keyboard as /devices/platform/i8042/serio0/input/input0
Feb 27 22:36:23 ip-172-31-32-178 kernel: [    0.577596] rtc_cmos 00:02: rtc core: registered rtc_cmos as rtc0
Feb 27 22:36:23 ip-172-31-32-178 kernel: [    0.577671] rtc_cmos 00:02: alarms up to one day, 114 bytes nvram, hpet irqs
Feb 27 22:36:23 ip-172-31-32-178 kernel: [    0.577691] ledtrig-cpu: registered to indicate activity on CPUs
Feb 27 22:36:23 ip-172-31-32-178 kernel: [    0.577876] NET: Registered protocol family 10
Feb 27 22:36:23 ip-172-31-32-178 kernel: [    0.578098] mip6: Mobile IPv6
Feb 27 22:36:23 ip-172-31-32-178 kernel: [    0.578099] NET: Registered protocol family 17
Feb 27 22:36:23 ip-172-31-32-178 kernel: [    0.578102] mpls_gso: MPLS GSO support
Feb 27 22:36:23 ip-172-31-32-178 kernel: [    0.578270] registered taskstats version 1
Feb 27 22:36:23 ip-172-31-32-178 kernel: [    0.578282] zswap: loaded using pool lzo/zbud
Feb 27 22:36:23 ip-172-31-32-178 kernel: [    0.578361] ima: No TPM chip found, activating TPM-bypass!
Feb 27 22:36:23 ip-172-31-32-178 kernel: [    0.578364] ima: Allocated hash algorithm: sha256
Feb 27 22:36:23 ip-172-31-32-178 kernel: [    0.578642] xenbus_probe_frontend: Device with no driver: device/vbd/51712
Feb 27 22:36:23 ip-172-31-32-178 kernel: [    0.578642] xenbus_probe_frontend: Device with no driver: device/vif/0
Feb 27 22:36:23 ip-172-31-32-178 kernel: [    0.578672] rtc_cmos 00:02: setting system clock to 2020-02-27 22:36:18 UTC (1582842978)
Feb 27 22:36:23 ip-172-31-32-178 kernel: [    0.578691] PM: Hibernation image not present or could not be loaded.
Feb 27 22:36:23 ip-172-31-32-178 kernel: [    0.580364] Freeing unused kernel memory: 1424K
Feb 27 22:36:23 ip-172-31-32-178 kernel: [    0.580365] Write protecting the kernel read-only data: 12288k
Feb 27 22:36:23 ip-172-31-32-178 kernel: [    0.580934] Freeing unused kernel memory: 1888K
Feb 27 22:36:23 ip-172-31-32-178 kernel: [    0.583125] Freeing unused kernel memory: 1220K
Feb 27 22:36:23 ip-172-31-32-178 kernel: [    0.587209] x86/mm: Checked W+X mappings: passed, no W+X pages found.
Feb 27 22:36:23 ip-172-31-32-178 kernel: [    0.592669] random: systemd-udevd: uninitialized urandom read (16 bytes read)
Feb 27 22:36:23 ip-172-31-32-178 kernel: [    0.592745] random: systemd-udevd: uninitialized urandom read (16 bytes read)
Feb 27 22:36:23 ip-172-31-32-178 kernel: [    0.592753] random: systemd-udevd: uninitialized urandom read (16 bytes read)
Feb 27 22:36:23 ip-172-31-32-178 kernel: [    0.688283] SCSI subsystem initialized
Feb 27 22:36:23 ip-172-31-32-178 kernel: [    0.690117] piix4_smbus 0000:00:01.3: SMBus base address uninitialized - upgrade BIOS or use force_addr=0xaddr
Feb 27 22:36:23 ip-172-31-32-178 kernel: [    0.714756] libata version 3.00 loaded.
Feb 27 22:36:23 ip-172-31-32-178 kernel: [    0.715949] Invalid max_queues (4), will use default max: 1.
Feb 27 22:36:23 ip-172-31-32-178 kernel: [    0.716485] xen_netfront: Initialising Xen virtual ethernet driver
Feb 27 22:36:23 ip-172-31-32-178 kernel: [    0.717059] AVX2 version of gcm_enc/dec engaged.
Feb 27 22:36:23 ip-172-31-32-178 kernel: [    0.717059] AES CTR mode by8 optimization enabled
Feb 27 22:36:23 ip-172-31-32-178 kernel: [    0.727762] ata_piix 0000:00:01.1: version 2.13
Feb 27 22:36:23 ip-172-31-32-178 kernel: [    0.735926] scsi host0: ata_piix
Feb 27 22:36:23 ip-172-31-32-178 kernel: [    0.742126] scsi host1: ata_piix
Feb 27 22:36:23 ip-172-31-32-178 kernel: [    0.742172] ata1: PATA max MWDMA2 cmd 0x1f0 ctl 0x3f6 bmdma 0xc100 irq 14
Feb 27 22:36:23 ip-172-31-32-178 kernel: [    0.742173] ata2: PATA max MWDMA2 cmd 0x170 ctl 0x376 bmdma 0xc108 irq 15
Feb 27 22:36:23 ip-172-31-32-178 kernel: [    0.758693] random: fast init done
Feb 27 22:36:23 ip-172-31-32-178 kernel: [    0.765556] blkfront: xvda: barrier or flush: disabled; persistent grants: disabled; indirect descriptors: enabled;
Feb 27 22:36:23 ip-172-31-32-178 kernel: [    0.774278]  xvda: xvda1
Feb 27 22:36:23 ip-172-31-32-178 kernel: [    0.950785] EXT4-fs (xvda1): mounted filesystem with ordered data mode. Opts: (null)
Feb 27 22:36:23 ip-172-31-32-178 kernel: [    1.152870] ip_tables: (C) 2000-2006 Netfilter Core Team
Feb 27 22:36:23 ip-172-31-32-178 kernel: [    1.313129] EXT4-fs (xvda1): re-mounted. Opts: discard,errors=remount-ro
Feb 27 22:36:23 ip-172-31-32-178 kernel: [    1.512782] input: Power Button as /devices/LNXSYSTM:00/LNXPWRBN:00/input/input3
Feb 27 22:36:23 ip-172-31-32-178 kernel: [    1.512788] ACPI: Power Button [PWRF]
Feb 27 22:36:23 ip-172-31-32-178 kernel: [    1.512832] input: Sleep Button as /devices/LNXSYSTM:00/LNXSLPBN:00/input/input4
Feb 27 22:36:23 ip-172-31-32-178 kernel: [    1.512834] ACPI: Sleep Button [SLPF]
Feb 27 22:36:23 ip-172-31-32-178 kernel: [    1.575662] input: ImExPS/2 Generic Explorer Mouse as /devices/platform/i8042/serio1/input/input2
Feb 27 22:36:23 ip-172-31-32-178 kernel: [    1.585094] tsc: Refined TSC clocksource calibration: 2399.999 MHz
Feb 27 22:36:23 ip-172-31-32-178 kernel: [    1.585097] clocksource: tsc: mask: 0xffffffffffffffff max_cycles: 0x2298364cab5, max_idle_ns: 440795214892 ns
Feb 27 22:36:23 ip-172-31-32-178 kernel: [    1.679973] [drm] Initialized
Feb 27 22:36:23 ip-172-31-32-178 kernel: [    1.699632] RAPL PMU: API unit is 2^-32 Joules, 4 fixed counters, 655360 ms ovfl timer
Feb 27 22:36:23 ip-172-31-32-178 kernel: [    1.699633] RAPL PMU: hw unit of domain pp0-core 2^-14 Joules
Feb 27 22:36:23 ip-172-31-32-178 kernel: [    1.699634] RAPL PMU: hw unit of domain package 2^-14 Joules
Feb 27 22:36:23 ip-172-31-32-178 kernel: [    1.699634] RAPL PMU: hw unit of domain dram 2^-14 Joules
Feb 27 22:36:23 ip-172-31-32-178 kernel: [    1.699635] RAPL PMU: hw unit of domain pp1-gpu 2^-14 Joules
Feb 27 22:36:23 ip-172-31-32-178 kernel: [    1.706859] [TTM] Zone  kernel: Available graphics memory: 509218 kiB
Feb 27 22:36:23 ip-172-31-32-178 kernel: [    1.706860] [TTM] Initializing pool allocator
Feb 27 22:36:23 ip-172-31-32-178 kernel: [    1.706863] [TTM] Initializing DMA pool allocator
Feb 27 22:36:23 ip-172-31-32-178 kernel: [    1.707395] [drm] fb mappable at 0xF0000000
Feb 27 22:36:23 ip-172-31-32-178 kernel: [    1.707396] [drm] vram aper at 0xF0000000
Feb 27 22:36:23 ip-172-31-32-178 kernel: [    1.707400] [drm] size 33554432
Feb 27 22:36:23 ip-172-31-32-178 kernel: [    1.707401] [drm] fb depth is 24
Feb 27 22:36:23 ip-172-31-32-178 kernel: [    1.707401] [drm]    pitch is 3072
Feb 27 22:36:23 ip-172-31-32-178 kernel: [    1.709829] fbcon: cirrusdrmfb (fb0) is primary device
Feb 27 22:36:23 ip-172-31-32-178 kernel: [    1.806544] EDAC MC: Ver: 3.0.0
Feb 27 22:36:23 ip-172-31-32-178 kernel: [    1.811936] EDAC sbridge: Seeking for: PCI ID 8086:2fa0
Feb 27 22:36:23 ip-172-31-32-178 kernel: [    1.811939] EDAC sbridge:  Ver: 1.1.1 
Feb 27 22:36:23 ip-172-31-32-178 kernel: [    1.814849] intel_rapl: Found RAPL domain package
Feb 27 22:36:23 ip-172-31-32-178 kernel: [    1.814859] intel_rapl: Found RAPL domain dram
Feb 27 22:36:23 ip-172-31-32-178 kernel: [    1.814860] intel_rapl: DRAM domain energy unit 15300pj
Feb 27 22:36:23 ip-172-31-32-178 kernel: [    1.873073] Console: switching to colour frame buffer device 128x48
Feb 27 22:36:23 ip-172-31-32-178 kernel: [    1.953799] cirrus 0000:00:02.0: fb0: cirrusdrmfb frame buffer device
Feb 27 22:36:23 ip-172-31-32-178 kernel: [    1.955034] [drm] Initialized cirrus 1.0.0 20110418 for 0000:00:02.0 on minor 0
Feb 27 22:37:37 ip-172-31-32-178 kernel: [   79.908044] random: crng init done
Feb 27 22:37:37 ip-172-31-32-178 kernel: [   79.908068] random: 7 urandom warning(s) missed due to ratelimiting
Feb 28 20:59:20 ip-172-31-32-178 kernel: [80582.805317] fuse init (API version 7.26)
Feb 29 17:01:55 debian-amabis kernel: [    0.000000] Linux version 4.9.0-12-amd64 (debian-kernel@lists.debian.org) (gcc version 6.3.0 20170516 (Debian 6.3.0-18+deb9u1) ) #1 SMP Debian 4.9.210-1 (2020-01-20)
Feb 29 17:01:55 debian-amabis kernel: [    0.000000] Command line: BOOT_IMAGE=/boot/vmlinuz-4.9.0-12-amd64 root=UUID=13ea901b-a08d-41a5-8e04-521c4415f9aa ro quiet elevator=noop console=tty console=ttyS0 net.ifnames=0
Feb 29 17:01:55 debian-amabis kernel: [    0.000000] x86/fpu: Supporting XSAVE feature 0x001: 'x87 floating point registers'
Feb 29 17:01:55 debian-amabis kernel: [    0.000000] x86/fpu: Supporting XSAVE feature 0x002: 'SSE registers'
Feb 29 17:01:55 debian-amabis kernel: [    0.000000] x86/fpu: Supporting XSAVE feature 0x004: 'AVX registers'
Feb 29 17:01:55 debian-amabis kernel: [    0.000000] x86/fpu: xstate_offset[2]:  576, xstate_sizes[2]:  256
Feb 29 17:01:55 debian-amabis kernel: [    0.000000] x86/fpu: Enabled xstate features 0x7, context size is 832 bytes, using 'standard' format.
Feb 29 17:01:55 debian-amabis kernel: [    0.000000] e820: BIOS-provided physical RAM map:
Feb 29 17:01:55 debian-amabis kernel: [    0.000000] BIOS-e820: [mem 0x0000000000000000-0x000000000009dfff] usable
Feb 29 17:01:55 debian-amabis kernel: [    0.000000] BIOS-e820: [mem 0x000000000009e000-0x000000000009ffff] reserved
Feb 29 17:01:55 debian-amabis kernel: [    0.000000] BIOS-e820: [mem 0x00000000000e0000-0x00000000000fffff] reserved
Feb 29 17:01:55 debian-amabis kernel: [    0.000000] BIOS-e820: [mem 0x0000000000100000-0x000000003fffffff] usable
Feb 29 17:01:55 debian-amabis kernel: [    0.000000] BIOS-e820: [mem 0x00000000fc000000-0x00000000ffffffff] reserved
Feb 29 17:01:55 debian-amabis kernel: [    0.000000] NX (Execute Disable) protection: active
Feb 29 17:01:55 debian-amabis kernel: [    0.000000] SMBIOS 2.7 present.
Feb 29 17:01:55 debian-amabis kernel: [    0.000000] DMI: Xen HVM domU, BIOS 4.2.amazon 08/24/2006
Feb 29 17:01:55 debian-amabis kernel: [    0.000000] Hypervisor detected: Xen
Feb 29 17:01:55 debian-amabis kernel: [    0.000000] Xen version 4.2.
Feb 29 17:01:55 debian-amabis kernel: [    0.000000] Xen Platform PCI: I/O protocol version 1
Feb 29 17:01:55 debian-amabis kernel: [    0.000000] Netfront and the Xen platform PCI driver have been compiled for this kernel: unplug emulated NICs.
Feb 29 17:01:55 debian-amabis kernel: [    0.000000] Blkfront and the Xen platform PCI driver have been compiled for this kernel: unplug emulated disks.
Feb 29 17:01:55 debian-amabis kernel: [    0.000000] You might have to change the root device
Feb 29 17:01:55 debian-amabis kernel: [    0.000000] from /dev/hd[a-d] to /dev/xvd[a-d]
Feb 29 17:01:55 debian-amabis kernel: [    0.000000] in your root= kernel command line option
Feb 29 17:01:55 debian-amabis kernel: [    0.000000] HVMOP_pagetable_dying not supported
Feb 29 17:01:55 debian-amabis kernel: [    0.000000] e820: update [mem 0x00000000-0x00000fff] usable ==> reserved
Feb 29 17:01:55 debian-amabis kernel: [    0.000000] e820: remove [mem 0x000a0000-0x000fffff] usable
Feb 29 17:01:55 debian-amabis kernel: [    0.000000] e820: last_pfn = 0x40000 max_arch_pfn = 0x400000000
Feb 29 17:01:55 debian-amabis kernel: [    0.000000] MTRR default type: write-back
Feb 29 17:01:55 debian-amabis kernel: [    0.000000] MTRR fixed ranges enabled:
Feb 29 17:01:55 debian-amabis kernel: [    0.000000]   00000-9FFFF write-back
Feb 29 17:01:55 debian-amabis kernel: [    0.000000]   A0000-BFFFF write-combining
Feb 29 17:01:55 debian-amabis kernel: [    0.000000]   C0000-FFFFF write-back
Feb 29 17:01:55 debian-amabis kernel: [    0.000000] MTRR variable ranges enabled:
Feb 29 17:01:55 debian-amabis kernel: [    0.000000]   0 base 0000F0000000 mask 3FFFF8000000 uncachable
Feb 29 17:01:55 debian-amabis kernel: [    0.000000]   1 base 0000F8000000 mask 3FFFFC000000 uncachable
Feb 29 17:01:55 debian-amabis kernel: [    0.000000]   2 disabled
Feb 29 17:01:55 debian-amabis kernel: [    0.000000]   3 disabled
Feb 29 17:01:55 debian-amabis kernel: [    0.000000]   4 disabled
Feb 29 17:01:55 debian-amabis kernel: [    0.000000]   5 disabled
Feb 29 17:01:55 debian-amabis kernel: [    0.000000]   6 disabled
Feb 29 17:01:55 debian-amabis kernel: [    0.000000]   7 disabled
Feb 29 17:01:55 debian-amabis kernel: [    0.000000] x86/PAT: Configuration [0-7]: WB  WC  UC- UC  WB  WC  UC- WT  
Feb 29 17:01:55 debian-amabis kernel: [    0.000000] found SMP MP-table at [mem 0x000fbc50-0x000fbc5f] mapped at [ffff9da6c00fbc50]
Feb 29 17:01:55 debian-amabis kernel: [    0.000000] Base memory trampoline at [ffff9da6c0098000] 98000 size 24576
Feb 29 17:01:55 debian-amabis kernel: [    0.000000] BRK [0x1c736000, 0x1c736fff] PGTABLE
Feb 29 17:01:55 debian-amabis kernel: [    0.000000] BRK [0x1c737000, 0x1c737fff] PGTABLE
Feb 29 17:01:55 debian-amabis kernel: [    0.000000] BRK [0x1c738000, 0x1c738fff] PGTABLE
Feb 29 17:01:55 debian-amabis kernel: [    0.000000] BRK [0x1c739000, 0x1c739fff] PGTABLE
Feb 29 17:01:55 debian-amabis kernel: [    0.000000] RAMDISK: [mem 0x35dc5000-0x36ed9fff]
Feb 29 17:01:55 debian-amabis kernel: [    0.000000] ACPI: Early table checksum verification disabled
Feb 29 17:01:55 debian-amabis kernel: [    0.000000] ACPI: RSDP 0x00000000000EA020 000024 (v02 Xen   )
Feb 29 17:01:55 debian-amabis kernel: [    0.000000] ACPI: XSDT 0x00000000FC00E2A0 000054 (v01 Xen    HVM      00000000 HVML 00000000)
Feb 29 17:01:55 debian-amabis kernel: [    0.000000] ACPI: FACP 0x00000000FC00DF60 0000F4 (v04 Xen    HVM      00000000 HVML 00000000)
Feb 29 17:01:55 debian-amabis kernel: [    0.000000] ACPI: DSDT 0x00000000FC0021C0 00BD19 (v02 Xen    HVM      00000000 INTL 20090123)
Feb 29 17:01:55 debian-amabis kernel: [    0.000000] ACPI: FACS 0x00000000FC002180 000040
Feb 29 17:01:55 debian-amabis kernel: [    0.000000] ACPI: FACS 0x00000000FC002180 000040
Feb 29 17:01:55 debian-amabis kernel: [    0.000000] ACPI: APIC 0x00000000FC00E060 0000D8 (v02 Xen    HVM      00000000 HVML 00000000)
Feb 29 17:01:55 debian-amabis kernel: [    0.000000] ACPI: HPET 0x00000000FC00E1B0 000038 (v01 Xen    HVM      00000000 HVML 00000000)
Feb 29 17:01:55 debian-amabis kernel: [    0.000000] ACPI: WAET 0x00000000FC00E1F0 000028 (v01 Xen    HVM      00000000 HVML 00000000)
Feb 29 17:01:55 debian-amabis kernel: [    0.000000] ACPI: SSDT 0x00000000FC00E220 000031 (v02 Xen    HVM      00000000 INTL 20090123)
Feb 29 17:01:55 debian-amabis kernel: [    0.000000] ACPI: SSDT 0x00000000FC00E260 000033 (v02 Xen    HVM      00000000 INTL 20090123)
Feb 29 17:01:55 debian-amabis kernel: [    0.000000] ACPI: Local APIC address 0xfee00000
Feb 29 17:01:55 debian-amabis kernel: [    0.000000] No NUMA configuration found
Feb 29 17:01:55 debian-amabis kernel: [    0.000000] Faking a node at [mem 0x0000000000000000-0x000000003fffffff]
Feb 29 17:01:55 debian-amabis kernel: [    0.000000] NODE_DATA(0) allocated [mem 0x3fffb000-0x3fffffff]
Feb 29 17:01:55 debian-amabis kernel: [    0.000000] Zone ranges:
Feb 29 17:01:55 debian-amabis kernel: [    0.000000]   DMA      [mem 0x0000000000001000-0x0000000000ffffff]
Feb 29 17:01:55 debian-amabis kernel: [    0.000000]   DMA32    [mem 0x0000000001000000-0x000000003fffffff]
Feb 29 17:01:55 debian-amabis kernel: [    0.000000]   Normal   empty
Feb 29 17:01:55 debian-amabis kernel: [    0.000000]   Device   empty
Feb 29 17:01:55 debian-amabis kernel: [    0.000000] Movable zone start for each node
Feb 29 17:01:55 debian-amabis kernel: [    0.000000] Early memory node ranges
Feb 29 17:01:55 debian-amabis kernel: [    0.000000]   node   0: [mem 0x0000000000001000-0x000000000009dfff]
Feb 29 17:01:55 debian-amabis kernel: [    0.000000]   node   0: [mem 0x0000000000100000-0x000000003fffffff]
Feb 29 17:01:55 debian-amabis kernel: [    0.000000] Initmem setup node 0 [mem 0x0000000000001000-0x000000003fffffff]
Feb 29 17:01:55 debian-amabis kernel: [    0.000000] On node 0 totalpages: 262045
Feb 29 17:01:55 debian-amabis kernel: [    0.000000]   DMA zone: 64 pages used for memmap
Feb 29 17:01:55 debian-amabis kernel: [    0.000000]   DMA zone: 21 pages reserved
Feb 29 17:01:55 debian-amabis kernel: [    0.000000]   DMA zone: 3997 pages, LIFO batch:0
Feb 29 17:01:55 debian-amabis kernel: [    0.000000]   DMA32 zone: 4032 pages used for memmap
Feb 29 17:01:55 debian-amabis kernel: [    0.000000]   DMA32 zone: 258048 pages, LIFO batch:31
Feb 29 17:01:55 debian-amabis kernel: [    0.000000] ACPI: PM-Timer IO Port: 0xb008
Feb 29 17:01:55 debian-amabis kernel: [    0.000000] ACPI: Local APIC address 0xfee00000
Feb 29 17:01:55 debian-amabis kernel: [    0.000000] IOAPIC[0]: apic_id 1, version 17, address 0xfec00000, GSI 0-47
Feb 29 17:01:55 debian-amabis kernel: [    0.000000] ACPI: INT_SRC_OVR (bus 0 bus_irq 0 global_irq 2 dfl dfl)
Feb 29 17:01:55 debian-amabis kernel: [    0.000000] ACPI: INT_SRC_OVR (bus 0 bus_irq 5 global_irq 5 low level)
Feb 29 17:01:55 debian-amabis kernel: [    0.000000] ACPI: INT_SRC_OVR (bus 0 bus_irq 10 global_irq 10 low level)
Feb 29 17:01:55 debian-amabis kernel: [    0.000000] ACPI: INT_SRC_OVR (bus 0 bus_irq 11 global_irq 11 low level)
Feb 29 17:01:55 debian-amabis kernel: [    0.000000] ACPI: IRQ0 used by override.
Feb 29 17:01:55 debian-amabis kernel: [    0.000000] ACPI: IRQ5 used by override.
Feb 29 17:01:55 debian-amabis kernel: [    0.000000] ACPI: IRQ9 used by override.
Feb 29 17:01:55 debian-amabis kernel: [    0.000000] ACPI: IRQ10 used by override.
Feb 29 17:01:55 debian-amabis kernel: [    0.000000] ACPI: IRQ11 used by override.
Feb 29 17:01:55 debian-amabis kernel: [    0.000000] Using ACPI (MADT) for SMP configuration information
Feb 29 17:01:55 debian-amabis kernel: [    0.000000] ACPI: HPET id: 0x8086a201 base: 0xfed00000
Feb 29 17:01:55 debian-amabis kernel: [    0.000000] smpboot: Allowing 15 CPUs, 14 hotplug CPUs
Feb 29 17:01:55 debian-amabis kernel: [    0.000000] PM: Registered nosave memory: [mem 0x00000000-0x00000fff]
Feb 29 17:01:55 debian-amabis kernel: [    0.000000] PM: Registered nosave memory: [mem 0x0009e000-0x0009ffff]
Feb 29 17:01:55 debian-amabis kernel: [    0.000000] PM: Registered nosave memory: [mem 0x000a0000-0x000dffff]
Feb 29 17:01:55 debian-amabis kernel: [    0.000000] PM: Registered nosave memory: [mem 0x000e0000-0x000fffff]
Feb 29 17:01:55 debian-amabis kernel: [    0.000000] e820: [mem 0x40000000-0xfbffffff] available for PCI devices
Feb 29 17:01:55 debian-amabis kernel: [    0.000000] Booting paravirtualized kernel on Xen HVM
Feb 29 17:01:55 debian-amabis kernel: [    0.000000] clocksource: refined-jiffies: mask: 0xffffffff max_cycles: 0xffffffff, max_idle_ns: 7645519600211568 ns
Feb 29 17:01:55 debian-amabis kernel: [    0.000000] setup_percpu: NR_CPUS:512 nr_cpumask_bits:512 nr_cpu_ids:15 nr_node_ids:1
Feb 29 17:01:55 debian-amabis kernel: [    0.000000] percpu: Embedded 35 pages/cpu s105304 r8192 d29864 u262144
Feb 29 17:01:55 debian-amabis kernel: [    0.000000] pcpu-alloc: s105304 r8192 d29864 u262144 alloc=1*2097152
Feb 29 17:01:55 debian-amabis kernel: [    0.000000] pcpu-alloc: [0] 00 01 02 03 04 05 06 07 [0] 08 09 10 11 12 13 14 -- 
Feb 29 17:01:55 debian-amabis kernel: [    0.000000] xen: PV spinlocks enabled
Feb 29 17:01:55 debian-amabis kernel: [    0.000000] PV qspinlock hash table entries: 256 (order: 0, 4096 bytes)
Feb 29 17:01:55 debian-amabis kernel: [    0.000000] Built 1 zonelists in Node order, mobility grouping on.  Total pages: 257928
Feb 29 17:01:55 debian-amabis kernel: [    0.000000] Policy zone: DMA32
Feb 29 17:01:55 debian-amabis kernel: [    0.000000] Kernel command line: BOOT_IMAGE=/boot/vmlinuz-4.9.0-12-amd64 root=UUID=13ea901b-a08d-41a5-8e04-521c4415f9aa ro quiet elevator=noop console=tty console=ttyS0 net.ifnames=0
Feb 29 17:01:55 debian-amabis kernel: [    0.000000] PID hash table entries: 4096 (order: 3, 32768 bytes)
Feb 29 17:01:55 debian-amabis kernel: [    0.000000] Calgary: detecting Calgary via BIOS EBDA area
Feb 29 17:01:55 debian-amabis kernel: [    0.000000] Calgary: Unable to locate Rio Grande table in EBDA - bailing!
Feb 29 17:01:55 debian-amabis kernel: [    0.000000] Memory: 996412K/1048180K available (6287K kernel code, 1162K rwdata, 2876K rodata, 1424K init, 660K bss, 51768K reserved, 0K cma-reserved)
Feb 29 17:01:55 debian-amabis kernel: [    0.000000] Kernel/User page tables isolation: enabled
Feb 29 17:01:55 debian-amabis kernel: [    0.000000] Hierarchical RCU implementation.
Feb 29 17:01:55 debian-amabis kernel: [    0.000000] 	Build-time adjustment of leaf fanout to 64.
Feb 29 17:01:55 debian-amabis kernel: [    0.000000] 	RCU restricting CPUs from NR_CPUS=512 to nr_cpu_ids=15.
Feb 29 17:01:55 debian-amabis kernel: [    0.000000] RCU: Adjusting geometry for rcu_fanout_leaf=64, nr_cpu_ids=15
Feb 29 17:01:55 debian-amabis kernel: [    0.000000] NR_IRQS:33024 nr_irqs:952 16
Feb 29 17:01:55 debian-amabis kernel: [    0.000000] xen:events: Using 2-level ABI
Feb 29 17:01:55 debian-amabis kernel: [    0.000000] xen:events: Xen HVM callback vector for event delivery is enabled
Feb 29 17:01:55 debian-amabis kernel: [    0.000000] Console: colour VGA+ 80x25
Feb 29 17:01:55 debian-amabis kernel: [    0.000000] console [tty0] enabled
Feb 29 17:01:55 debian-amabis kernel: [    0.000000] Cannot get hvm parameter CONSOLE_EVTCHN (18): -22!
Feb 29 17:01:55 debian-amabis kernel: [    0.000000] console [ttyS0] enabled
Feb 29 17:01:55 debian-amabis kernel: [    0.000000] clocksource: hpet: mask: 0xffffffff max_cycles: 0xffffffff, max_idle_ns: 30580167144 ns
Feb 29 17:01:55 debian-amabis kernel: [    0.000000] hpet clockevent registered
Feb 29 17:01:55 debian-amabis kernel: [    0.000000] tsc: Fast TSC calibration using PIT
Feb 29 17:01:55 debian-amabis kernel: [    0.000000] tsc: Detected 2400.058 MHz processor
Feb 29 17:01:55 debian-amabis kernel: [    0.020000] Calibrating delay loop (skipped), value calculated using timer frequency.. 4800.12 BogoMIPS (lpj=9600256)
Feb 29 17:01:55 debian-amabis kernel: [    0.020000] pid_max: default: 32768 minimum: 301
Feb 29 17:01:55 debian-amabis kernel: [    0.020000] ACPI: Core revision 20160831
Feb 29 17:01:55 debian-amabis kernel: [    0.023607] ACPI: 3 ACPI AML tables successfully acquired and loaded
Feb 29 17:01:55 debian-amabis kernel: [    0.023672] Security Framework initialized
Feb 29 17:01:55 debian-amabis kernel: [    0.023674] Yama: disabled by default; enable with sysctl kernel.yama.*
Feb 29 17:01:55 debian-amabis kernel: [    0.023682] AppArmor: AppArmor disabled by boot time parameter
